Archive member included to satisfy reference by file (symbol)

C:/ST/STM32CubeIDE_1.19.0/STM32CubeIDE/plugins/com.st.stm32cube.ide.mcu.externaltools.gnu-tools-for-stm32.13.3.rel1.win32_1.0.0.202411081344/tools/bin/../lib/gcc/arm-none-eabi/13.3.1/../../../../arm-none-eabi/lib/thumb/v7e-m+fp/hard\libc_nano.a(libc_a-exit.o)
                              C:/ST/STM32CubeIDE_1.19.0/STM32CubeIDE/plugins/com.st.stm32cube.ide.mcu.externaltools.gnu-tools-for-stm32.13.3.rel1.win32_1.0.0.202411081344/tools/bin/../lib/gcc/arm-none-eabi/13.3.1/../../../../arm-none-eabi/lib/thumb/v7e-m+fp/hard/crt0.o (exit)
C:/ST/STM32CubeIDE_1.19.0/STM32CubeIDE/plugins/com.st.stm32cube.ide.mcu.externaltools.gnu-tools-for-stm32.13.3.rel1.win32_1.0.0.202411081344/tools/bin/../lib/gcc/arm-none-eabi/13.3.1/../../../../arm-none-eabi/lib/thumb/v7e-m+fp/hard\libc_nano.a(libc_a-findfp.o)
                              C:/ST/STM32CubeIDE_1.19.0/STM32CubeIDE/plugins/com.st.stm32cube.ide.mcu.externaltools.gnu-tools-for-stm32.13.3.rel1.win32_1.0.0.202411081344/tools/bin/../lib/gcc/arm-none-eabi/13.3.1/../../../../arm-none-eabi/lib/thumb/v7e-m+fp/hard\libc_nano.a(libc_a-exit.o) (__stdio_exit_handler)
C:/ST/STM32CubeIDE_1.19.0/STM32CubeIDE/plugins/com.st.stm32cube.ide.mcu.externaltools.gnu-tools-for-stm32.13.3.rel1.win32_1.0.0.202411081344/tools/bin/../lib/gcc/arm-none-eabi/13.3.1/../../../../arm-none-eabi/lib/thumb/v7e-m+fp/hard\libc_nano.a(libc_a-fwalk.o)
                              C:/ST/STM32CubeIDE_1.19.0/STM32CubeIDE/plugins/com.st.stm32cube.ide.mcu.externaltools.gnu-tools-for-stm32.13.3.rel1.win32_1.0.0.202411081344/tools/bin/../lib/gcc/arm-none-eabi/13.3.1/../../../../arm-none-eabi/lib/thumb/v7e-m+fp/hard\libc_nano.a(libc_a-findfp.o) (_fwalk_sglue)
C:/ST/STM32CubeIDE_1.19.0/STM32CubeIDE/plugins/com.st.stm32cube.ide.mcu.externaltools.gnu-tools-for-stm32.13.3.rel1.win32_1.0.0.202411081344/tools/bin/../lib/gcc/arm-none-eabi/13.3.1/../../../../arm-none-eabi/lib/thumb/v7e-m+fp/hard\libc_nano.a(libc_a-sprintf.o)
                              ./Core/Src/main.o (sprintf)
C:/ST/STM32CubeIDE_1.19.0/STM32CubeIDE/plugins/com.st.stm32cube.ide.mcu.externaltools.gnu-tools-for-stm32.13.3.rel1.win32_1.0.0.202411081344/tools/bin/../lib/gcc/arm-none-eabi/13.3.1/../../../../arm-none-eabi/lib/thumb/v7e-m+fp/hard\libc_nano.a(libc_a-stdio.o)
                              C:/ST/STM32CubeIDE_1.19.0/STM32CubeIDE/plugins/com.st.stm32cube.ide.mcu.externaltools.gnu-tools-for-stm32.13.3.rel1.win32_1.0.0.202411081344/tools/bin/../lib/gcc/arm-none-eabi/13.3.1/../../../../arm-none-eabi/lib/thumb/v7e-m+fp/hard\libc_nano.a(libc_a-findfp.o) (__sread)
C:/ST/STM32CubeIDE_1.19.0/STM32CubeIDE/plugins/com.st.stm32cube.ide.mcu.externaltools.gnu-tools-for-stm32.13.3.rel1.win32_1.0.0.202411081344/tools/bin/../lib/gcc/arm-none-eabi/13.3.1/../../../../arm-none-eabi/lib/thumb/v7e-m+fp/hard\libc_nano.a(libc_a-memset.o)
                              C:/ST/STM32CubeIDE_1.19.0/STM32CubeIDE/plugins/com.st.stm32cube.ide.mcu.externaltools.gnu-tools-for-stm32.13.3.rel1.win32_1.0.0.202411081344/tools/bin/../lib/gcc/arm-none-eabi/13.3.1/../../../../arm-none-eabi/lib/thumb/v7e-m+fp/hard/crt0.o (memset)
C:/ST/STM32CubeIDE_1.19.0/STM32CubeIDE/plugins/com.st.stm32cube.ide.mcu.externaltools.gnu-tools-for-stm32.13.3.rel1.win32_1.0.0.202411081344/tools/bin/../lib/gcc/arm-none-eabi/13.3.1/../../../../arm-none-eabi/lib/thumb/v7e-m+fp/hard\libc_nano.a(libc_a-closer.o)
                              C:/ST/STM32CubeIDE_1.19.0/STM32CubeIDE/plugins/com.st.stm32cube.ide.mcu.externaltools.gnu-tools-for-stm32.13.3.rel1.win32_1.0.0.202411081344/tools/bin/../lib/gcc/arm-none-eabi/13.3.1/../../../../arm-none-eabi/lib/thumb/v7e-m+fp/hard\libc_nano.a(libc_a-stdio.o) (_close_r)
C:/ST/STM32CubeIDE_1.19.0/STM32CubeIDE/plugins/com.st.stm32cube.ide.mcu.externaltools.gnu-tools-for-stm32.13.3.rel1.win32_1.0.0.202411081344/tools/bin/../lib/gcc/arm-none-eabi/13.3.1/../../../../arm-none-eabi/lib/thumb/v7e-m+fp/hard\libc_nano.a(libc_a-reent.o)
                              C:/ST/STM32CubeIDE_1.19.0/STM32CubeIDE/plugins/com.st.stm32cube.ide.mcu.externaltools.gnu-tools-for-stm32.13.3.rel1.win32_1.0.0.202411081344/tools/bin/../lib/gcc/arm-none-eabi/13.3.1/../../../../arm-none-eabi/lib/thumb/v7e-m+fp/hard\libc_nano.a(libc_a-closer.o) (errno)
C:/ST/STM32CubeIDE_1.19.0/STM32CubeIDE/plugins/com.st.stm32cube.ide.mcu.externaltools.gnu-tools-for-stm32.13.3.rel1.win32_1.0.0.202411081344/tools/bin/../lib/gcc/arm-none-eabi/13.3.1/../../../../arm-none-eabi/lib/thumb/v7e-m+fp/hard\libc_nano.a(libc_a-impure.o)
                              C:/ST/STM32CubeIDE_1.19.0/STM32CubeIDE/plugins/com.st.stm32cube.ide.mcu.externaltools.gnu-tools-for-stm32.13.3.rel1.win32_1.0.0.202411081344/tools/bin/../lib/gcc/arm-none-eabi/13.3.1/../../../../arm-none-eabi/lib/thumb/v7e-m+fp/hard\libc_nano.a(libc_a-sprintf.o) (_impure_ptr)
[...]
Memory Configuration

Name             Origin             Length             Attributes
CCMRAM           0x10000000         0x00001000         xrw
RAM              0x20000000         0x00003000         xrw
FLASH            0x08000000         0x00010000         xr
*default*        0x00000000         0xffffffff

Linker script and memory map

LOAD C:/ST/STM32CubeIDE_1.19.0/STM32CubeIDE/plugins/com.st.stm32cube.ide.mcu.externaltools.gnu-tools-for-stm32.13.3.rel1.win32_1.0.0.202411081344/tools/bin/../lib/gcc/arm-none-eabi/13.3.1/thumb/v7e-m+fp/hard/crti.o
LOAD C:/ST/STM32CubeIDE_1.19.0/STM32CubeIDE/plugins/com.st.stm32cube.ide.mcu.externaltools.gnu-tools-for-stm32.13.3.rel1.win32_1.0.0.202411081344/tools/bin/../lib/gcc/arm-none-eabi/13.3.1/thumb/v7e-m+fp/hard/crtbegin.o
LOAD C:/ST/STM32CubeIDE_1.19.0/STM32CubeIDE/plugins/com.st.stm32cube.ide.mcu.externaltools.gnu-tools-for-stm32.13.3.rel1.win32_1.0.0.202411081344/tools/bin/../lib/gcc/arm-none-eabi/13.3.1/../../../../arm-none-eabi/lib/thumb/v7e-m+fp/hard/crt0.o
LOAD ./Core/Src/ILI9341_GFX.o
LOAD ./Core/Src/ILI9341_STM32_Driver.o
LOAD ./Core/Src/dma.o
LOAD ./Core/Src/fonts.o
LOAD ./Core/Src/gpio.o
LOAD ./Core/Src/i2c.o
LOAD ./Core/Src/main.o
LOAD ./Core/Src/spi.o
LOAD ./Core/Src/stm32f3xx_hal_msp.o
LOAD ./Core/Src/stm32f3xx_it.o
LOAD ./Core/Src/syscalls.o
LOAD ./Core/Src/sysmem.o
LOAD ./Core/Src/system_stm32f3xx.o
LOAD ./Core/Src/text_function.o
LOAD ./Core/Src/usart.o
LOAD ./Core/Startup/startup_stm32f303k8tx.o
LOAD ./Drivers/STM32F3xx_HAL_Driver/Src/stm32f3xx_hal.o
LOAD ./Drivers/STM32F3xx_HAL_Driver/Src/stm32f3xx_hal_cortex.o
LOAD ./Drivers/STM32F3xx_HAL_Driver/Src/stm32f3xx_hal_dma.o
LOAD ./Drivers/STM32F3xx_HAL_Driver/Src/stm32f3xx_hal_exti.o
LOAD ./Drivers/STM32F3xx_HAL_Driver/Src/stm32f3xx_hal_flash.o
LOAD ./Drivers/STM32F3xx_HAL_Driver/Src/stm32f3xx_hal_flash_ex.o
LOAD ./Drivers/STM32F3xx_HAL_Driver/Src/stm32f3xx_hal_gpio.o
LOAD ./Drivers/STM32F3xx_HAL_Driver/Src/stm32f3xx_hal_i2c.o
LOAD ./Drivers/STM32F3xx_HAL_Driver/Src/stm32f3xx_hal_i2c_ex.o
LOAD ./Drivers/STM32F3xx_HAL_Driver/Src/stm32f3xx_hal_pwr.o
LOAD ./Drivers/STM32F3xx_HAL_Driver/Src/stm32f3xx_hal_pwr_ex.o
LOAD ./Drivers/STM32F3xx_HAL_Driver/Src/stm32f3xx_hal_rcc.o
LOAD ./Drivers/STM32F3xx_HAL_Driver/Src/stm32f3xx_hal_rcc_ex.o
LOAD ./Drivers/STM32F3xx_HAL_Driver/Src/stm32f3xx_hal_spi.o
LOAD ./Drivers/STM32F3xx_HAL_Driver/Src/stm32f3xx_hal_spi_ex.o
LOAD ./Drivers/STM32F3xx_HAL_Driver/Src/stm32f3xx_hal_uart.o
LOAD ./Drivers/STM32F3xx_HAL_Driver/Src/stm32f3xx_hal_uart_ex.o
START GROUP
LOAD C:/ST/STM32CubeIDE_1.19.0/STM32CubeIDE/plugins/com.st.stm32cube.ide.mcu.externaltools.gnu-tools-for-stm32.13.3.rel1.win32_1.0.0.202411081344/tools/bin/../lib/gcc/arm-none-eabi/13.3.1/../../../../arm-none-eabi/lib/thumb/v7e-m+fp/hard\libc_nano.a
LOAD C:/ST/STM32CubeIDE_1.19.0/STM32CubeIDE/plugins/com.st.stm32cube.ide.mcu.externaltools.gnu-tools-for-stm32.13.3.rel1.win32_1.0.0.202411081344/tools/bin/../lib/gcc/arm-none-eabi/13.3.1/../../../../arm-none-eabi/lib/thumb/v7e-m+fp/hard\libm.a
END GROUP
START GROUP
LOAD C:/ST/STM32CubeIDE_1.19.0/STM32CubeIDE/plugins/com.st.stm32cube.ide.mcu.externaltools.gnu-tools-for-stm32.13.3.rel1.win32_1.0.0.202411081344/tools/bin/../lib/gcc/arm-none-eabi/13.3.1/thumb/v7e-m+fp/hard\libgcc.a
LOAD C:/ST/STM32CubeIDE_1.19.0/STM32CubeIDE/plugins/com.st.stm32cube.ide.mcu.externaltools.gnu-tools-for-stm32.13.3.rel1.win32_1.0.0.202411081344/tools/bin/../lib/gcc/arm-none-eabi/13.3.1/../../../../arm-none-eabi/lib/thumb/v7e-m+fp/hard\libc_nano.a
END GROUP
START GROUP
LOAD C:/ST/STM32CubeIDE_1.19.0/STM32CubeIDE/plugins/com.st.stm32cube.ide.mcu.externaltools.gnu-tools-for-stm32.13.3.rel1.win32_1.0.0.202411081344/tools/bin/../lib/gcc/arm-none-eabi/13.3.1/thumb/v7e-m+fp/hard\libgcc.a
LOAD C:/ST/STM32CubeIDE_1.19.0/STM32CubeIDE/plugins/com.st.stm32cube.ide.mcu.externaltools.gnu-tools-for-stm32.13.3.rel1.win32_1.0.0.202411081344/tools/bin/../lib/gcc/arm-none-eabi/13.3.1/../../../../arm-none-eabi/lib/thumb/v7e-m+fp/hard\libc_nano.a
LOAD C:/ST/STM32CubeIDE_1.19.0/STM32CubeIDE/plugins/com.st.stm32cube.ide.mcu.externaltools.gnu-tools-for-stm32.13.3.rel1.win32_1.0.0.202411081344/tools/bin/../lib/gcc/arm-none-eabi/13.3.1/../../../../arm-none-eabi/lib/thumb/v7e-m+fp/hard\libnosys.a
END GROUP
START GROUP
LOAD C:/ST/STM32CubeIDE_1.19.0/STM32CubeIDE/plugins/com.st.stm32cube.ide.mcu.externaltools.gnu-tools-for-stm32.13.3.rel1.win32_1.0.0.202411081344/tools/bin/../lib/gcc/arm-none-eabi/13.3.1/thumb/v7e-m+fp/hard\libgcc.a
LOAD C:/ST/STM32CubeIDE_1.19.0/STM32CubeIDE/plugins/com.st.stm32cube.ide.mcu.externaltools.gnu-tools-for-stm32.13.3.rel1.win32_1.0.0.202411081344/tools/bin/../lib/gcc/arm-none-eabi/13.3.1/../../../../arm-none-eabi/lib/thumb/v7e-m+fp/hard\libc_nano.a
LOAD C:/ST/STM32CubeIDE_1.19.0/STM32CubeIDE/plugins/com.st.stm32cube.ide.mcu.externaltools.gnu-tools-for-stm32.13.3.rel1.win32_1.0.0.202411081344/tools/bin/../lib/gcc/arm-none-eabi/13.3.1/../../../../arm-none-eabi/lib/thumb/v7e-m+fp/hard\libnosys.a
END GROUP
LOAD C:/ST/STM32CubeIDE_1.19.0/STM32CubeIDE/plugins/com.st.stm32cube.ide.mcu.externaltools.gnu-tools-for-stm32.13.3.rel1.win32_1.0.0.202411081344/tools/bin/../lib/gcc/arm-none-eabi/13.3.1/thumb/v7e-m+fp/hard/crtend.o
LOAD C:/ST/STM32CubeIDE_1.19.0/STM32CubeIDE/plugins/com.st.stm32cube.ide.mcu.externaltools.gnu-tools-for-stm32.13.3.rel1.win32_1.0.0.202411081344/tools/bin/../lib/gcc/arm-none-eabi/13.3.1/thumb/v7e-m+fp/hard/crtn.o
                0x20003000                        _estack = (ORIGIN (RAM) + LENGTH (RAM))
                0x00000200                        _Min_Heap_Size = 0x200
                0x00000400                        _Min_Stack_Size = 0x400

.isr_vector     0x08000000      0x188
                0x08000000                        . = ALIGN (0x4)
 *(.isr_vector)
 .isr_vector    0x08000000      0x188 ./Core/Startup/startup_stm32f303k8tx.o
                0x08000000                g_pfnVectors
                0x08000188                        . = ALIGN (0x4)

.text           0x08000190     0x6764
                0x08000190                        . = ALIGN (0x4)
 *(.text)
 .text          0x08000190       0x40 C:/ST/STM32CubeIDE_1.19.0/STM32CubeIDE/plugins/com.st.stm32cube.ide.mcu.externaltools.gnu-tools-for-stm32.13.3.rel1.win32_1.0.0.202411081344/tools/bin/../lib/gcc/arm-none-eabi/13.3.1/thumb/v7e-m+fp/hard/crtbegin.o
 .text          0x080001d0       0xa0 C:/ST/STM32CubeIDE_1.19.0/STM32CubeIDE/plugins/com.st.stm32cube.ide.mcu.externaltools.gnu-tools-for-stm32.13.3.rel1.win32_1.0.0.202411081344/tools/bin/../lib/gcc/arm-none-eabi/13.3.1/../../../../arm-none-eabi/lib/thumb/v7e-m+fp/hard\libc_nano.a(libc_a-memchr.o)
                0x080001d0                memchr
 .text          0x08000270      0x254 C:/ST/STM32CubeIDE_1.19.0/STM32CubeIDE/plugins/com.st.stm32cube.ide.mcu.externaltools.gnu-tools-for-stm32.13.3.rel1.win32_1.0.0.202411081344/tools/bin/../lib/gcc/arm-none-eabi/13.3.1/thumb/v7e-m+fp/hard\libgcc.a(_arm_muldf3.o)
                0x08000270                __muldf3
                0x08000270                __aeabi_dmul
 .text          0x080004c4      0x378 C:/ST/STM32CubeIDE_1.19.0/STM32CubeIDE/plugins/com.st.stm32cube.ide.mcu.externaltools.gnu-tools-for-stm32.13.3.rel1.win32_1.0.0.202411081344/tools/bin/../lib/gcc/arm-none-eabi/13.3.1/thumb/v7e-m+fp/hard\libgcc.a(_arm_addsubdf3.o)
                0x080004c4                __aeabi_drsub
                0x080004cc                __aeabi_dsub
                0x080004cc                __subdf3
                0x080004d0                __aeabi_dadd
                0x080004d0                __adddf3
                0x08000748                __floatunsidf
                0x08000748                __aeabi_ui2d
                0x08000768                __floatsidf
                0x08000768                __aeabi_i2d
                0x0800078c                __aeabi_f2d
                0x0800078c                __extendsfdf2
                0x080007d0                __floatundidf
                0x080007d0                __aeabi_ul2d
                0x080007e0                __floatdidf
                0x080007e0                __aeabi_l2d
 .text          0x0800083c       0x40 C:/ST/STM32CubeIDE_1.19.0/STM32CubeIDE/plugins/com.st.stm32cube.ide.mcu.externaltools.gnu-tools-for-stm32.13.3.rel1.win32_1.0.0.202411081344/tools/bin/../lib/gcc/arm-none-eabi/13.3.1/thumb/v7e-m+fp/hard\libgcc.a(_arm_fixunsdfsi.o)
                0x0800083c                __aeabi_d2uiz
                0x0800083c                __fixunsdfsi
 *(.text*)
 .text.ILI9341_DrawHollowCircle
                0x0800087c      0x16c ./Core/Src/ILI9341_GFX.o
                0x0800087c                ILI9341_DrawHollowCircle
 .text.ILI9341_DrawChar
                0x080009e8       0xf0 ./Core/Src/ILI9341_GFX.o
                0x080009e8                ILI9341_DrawChar
 .text.ILI9341_DrawText
                0x08000ad8       0x94 ./Core/Src/ILI9341_GFX.o
                0x08000ad8                ILI9341_DrawText
 .text.ILI9341_DrawChar_Scaled
                0x08000b6c      0x162 ./Core/Src/ILI9341_GFX.o
                0x08000b6c                ILI9341_DrawChar_Scaled
 .text.ILI9341_DrawText_Scaled
                0x08000cce       0x82 ./Core/Src/ILI9341_GFX.o
                0x08000cce                ILI9341_DrawText_Scaled
 .text.DrawDataCentered_WithOffset
                0x08000d50       0xa2 ./Core/Src/ILI9341_GFX.o
                0x08000d50                DrawDataCentered_WithOffset
 .text.DrawDataCentered2
                0x08000df2      0x250 ./Core/Src/ILI9341_GFX.o
                0x08000df2                DrawDataCentered2
 .text.DrawDataInBox_TwoLines
                0x08001042      0x28a ./Core/Src/ILI9341_GFX.o
                0x08001042                DrawDataInBox_TwoLines
 .text.DrawSummary
                0x080012cc       0xcc ./Core/Src/ILI9341_GFX.o
                0x080012cc                DrawSummary
 .text.DrawSun  0x08001398      0x1a0 ./Core/Src/ILI9341_GFX.o
                0x08001398                DrawSun
 .text.HAL_SPI_TxCpltCallback
                0x08001538       0x2c ./Core/Src/ILI9341_STM32_Driver.o
                0x08001538                HAL_SPI_TxCpltCallback
 .text.ILI9341_SPI_Tx
                0x08001564       0x34 ./Core/Src/ILI9341_STM32_Driver.o
 .text.ILI9341_SPI_TxBuffer
                0x08001598       0x34 ./Core/Src/ILI9341_STM32_Driver.o
 .text.ILI9341_WriteCommand
                0x080015cc       0x36 ./Core/Src/ILI9341_STM32_Driver.o
                0x080015cc                ILI9341_WriteCommand
 .text.ILI9341_WriteData
                0x08001602       0x36 ./Core/Src/ILI9341_STM32_Driver.o
                0x08001602                ILI9341_WriteData
 .text.ILI9341_WriteBuffer
                0x08001638       0x3a ./Core/Src/ILI9341_STM32_Driver.o
                0x08001638                ILI9341_WriteBuffer
 .text.ILI9341_SetAddress
                0x08001672       0x90 ./Core/Src/ILI9341_STM32_Driver.o
                0x08001672                ILI9341_SetAddress
 .text.ILI9341_Reset
                0x08001702       0x4c ./Core/Src/ILI9341_STM32_Driver.o
                0x08001702                ILI9341_Reset
 .text.ILI9341_Enable
                0x0800174e       0x16 ./Core/Src/ILI9341_STM32_Driver.o
                0x0800174e                ILI9341_Enable
 .text.ILI9341_Init
                0x08001764      0x21a ./Core/Src/ILI9341_STM32_Driver.o
                0x08001764                ILI9341_Init
 *fill*         0x0800197e        0x2 
 .text.ILI9341_SetRotation
                0x08001980       0xa0 ./Core/Src/ILI9341_STM32_Driver.o
                0x08001980                ILI9341_SetRotation
 .text.ILI9341_DrawColorBurst
                0x08001a20      0x13c ./Core/Src/ILI9341_STM32_Driver.o
                0x08001a20                ILI9341_DrawColorBurst
 .text.ILI9341_FillScreen
                0x08001b5c       0x4c ./Core/Src/ILI9341_STM32_Driver.o
                0x08001b5c                ILI9341_FillScreen
 .text.ILI9341_DrawPixel
                0x08001ba8       0xcc ./Core/Src/ILI9341_STM32_Driver.o
                0x08001ba8                ILI9341_DrawPixel
 .text.ILI9341_DrawRectangle
                0x08001c74       0xb8 ./Core/Src/ILI9341_STM32_Driver.o
                0x08001c74                ILI9341_DrawRectangle
 .text.ILI9341_DrawHLine
                0x08001d2c       0x88 ./Core/Src/ILI9341_STM32_Driver.o
                0x08001d2c                ILI9341_DrawHLine
 .text.ILI9341_DrawVLine
                0x08001db4       0x88 ./Core/Src/ILI9341_STM32_Driver.o
                0x08001db4                ILI9341_DrawVLine
 .text.MX_DMA_Init
                0x08001e3c       0x5c ./Core/Src/dma.o
                0x08001e3c                MX_DMA_Init
 .text.MX_GPIO_Init
                0x08001e98       0xf8 ./Core/Src/gpio.o
                0x08001e98                MX_GPIO_Init
 .text.MX_I2C1_Init
                0x08001f90       0x80 ./Core/Src/i2c.o
                0x08001f90                MX_I2C1_Init
 .text.HAL_I2C_MspInit
                0x08002010      0x14c ./Core/Src/i2c.o
                0x08002010                HAL_I2C_MspInit
 .text.main     0x0800215c      0x49c ./Core/Src/main.o
                0x0800215c                main
 .text.SystemClock_Config
                0x080025f8       0xa4 ./Core/Src/main.o
                0x080025f8                SystemClock_Config
 .text.HAL_GPIO_EXTI_Callback
                0x0800269c       0x40 ./Core/Src/main.o
                0x0800269c                HAL_GPIO_EXTI_Callback
 .text.Error_Handler
                0x080026dc        0xc ./Core/Src/main.o
                0x080026dc                Error_Handler
 .text.MX_SPI1_Init
                0x080026e8       0x7c ./Core/Src/spi.o
                0x080026e8                MX_SPI1_Init
 .text.HAL_SPI_MspInit
                0x08002764       0xd8 ./Core/Src/spi.o
                0x08002764                HAL_SPI_MspInit
 .text.HAL_MspInit
                0x0800283c       0x48 ./Core/Src/stm32f3xx_hal_msp.o
                0x0800283c                HAL_MspInit
 .text.NMI_Handler
                0x08002884        0x8 ./Core/Src/stm32f3xx_it.o
                0x08002884                NMI_Handler
 .text.HardFault_Handler
                0x0800288c        0x8 ./Core/Src/stm32f3xx_it.o
                0x0800288c                HardFault_Handler
 .text.MemManage_Handler
                0x08002894        0x8 ./Core/Src/stm32f3xx_it.o
                0x08002894                MemManage_Handler
 .text.BusFault_Handler
                0x0800289c        0x8 ./Core/Src/stm32f3xx_it.o
                0x0800289c                BusFault_Handler
 .text.UsageFault_Handler
                0x080028a4        0x8 ./Core/Src/stm32f3xx_it.o
                0x080028a4                UsageFault_Handler
 .text.SVC_Handler
                0x080028ac        0xe ./Core/Src/stm32f3xx_it.o
                0x080028ac                SVC_Handler
 .text.DebugMon_Handler
                0x080028ba        0xe ./Core/Src/stm32f3xx_it.o
                0x080028ba                DebugMon_Handler
 .text.PendSV_Handler
                0x080028c8        0xe ./Core/Src/stm32f3xx_it.o
                0x080028c8                PendSV_Handler
 .text.SysTick_Handler
                0x080028d6        0xc ./Core/Src/stm32f3xx_it.o
                0x080028d6                SysTick_Handler
 *fill*         0x080028e2        0x2 
 .text.EXTI1_IRQHandler
                0x080028e4       0x18 ./Core/Src/stm32f3xx_it.o
                0x080028e4                EXTI1_IRQHandler
 .text.DMA1_Channel2_IRQHandler
                0x080028fc       0x14 ./Core/Src/stm32f3xx_it.o
                0x080028fc                DMA1_Channel2_IRQHandler
 .text.DMA1_Channel3_IRQHandler
                0x08002910       0x14 ./Core/Src/stm32f3xx_it.o
                0x08002910                DMA1_Channel3_IRQHandler
 .text.DMA1_Channel5_IRQHandler
                0x08002924       0x14 ./Core/Src/stm32f3xx_it.o
                0x08002924                DMA1_Channel5_IRQHandler
 .text._sbrk    0x08002938       0x6c ./Core/Src/sysmem.o
                0x08002938                _sbrk
 .text.SystemInit
                0x080029a4       0x24 ./Core/Src/system_stm32f3xx.o
                0x080029a4                SystemInit
 .text.digit3_to_ascii
                0x080029c8       0x8c ./Core/Src/text_function.o
                0x080029c8                digit3_to_ascii
 .text.MX_USART2_UART_Init
                0x08002a54       0x60 ./Core/Src/usart.o
                0x08002a54                MX_USART2_UART_Init
 .text.HAL_UART_MspInit
                0x08002ab4       0x88 ./Core/Src/usart.o
                0x08002ab4                HAL_UART_MspInit
 .text.Reset_Handler
                0x08002b3c       0x50 ./Core/Startup/startup_stm32f303k8tx.o
                0x08002b3c                Reset_Handler
 .text.Default_Handler
                0x08002b8c        0x2 ./Core/Startup/startup_stm32f303k8tx.o
                0x08002b8c                RTC_Alarm_IRQHandler
                0x08002b8c                TIM1_CC_IRQHandler
                0x08002b8c                PVD_IRQHandler
                0x08002b8c                TAMP_STAMP_IRQHandler
                0x08002b8c                EXTI3_IRQHandler
                0x08002b8c                EXTI0_IRQHandler
                0x08002b8c                FPU_IRQHandler
                0x08002b8c                CAN_TX_IRQHandler
                0x08002b8c                TIM1_UP_TIM16_IRQHandler
                0x08002b8c                ADC1_2_IRQHandler
                0x08002b8c                SPI1_IRQHandler
                0x08002b8c                CAN_SCE_IRQHandler
                0x08002b8c                DMA1_Channel4_IRQHandler
                0x08002b8c                USART3_IRQHandler
                0x08002b8c                DMA1_Channel7_IRQHandler
                0x08002b8c                TIM7_DAC2_IRQHandler
                0x08002b8c                CAN_RX1_IRQHandler
                0x08002b8c                I2C1_EV_IRQHandler
                0x08002b8c                DMA1_Channel6_IRQHandler
                0x08002b8c                TIM3_IRQHandler
                0x08002b8c                RCC_IRQHandler
                0x08002b8c                DMA1_Channel1_IRQHandler
                0x08002b8c                Default_Handler
                0x08002b8c                EXTI15_10_IRQHandler
                0x08002b8c                COMP2_IRQHandler
                0x08002b8c                TIM6_DAC1_IRQHandler
                0x08002b8c                EXTI9_5_IRQHandler
                0x08002b8c                RTC_WKUP_IRQHandler
                0x08002b8c                EXTI4_IRQHandler
                0x08002b8c                TIM1_TRG_COM_TIM17_IRQHandler
                0x08002b8c                WWDG_IRQHandler
                0x08002b8c                TIM2_IRQHandler
                0x08002b8c                COMP4_6_IRQHandler
                0x08002b8c                USART2_IRQHandler
                0x08002b8c                FLASH_IRQHandler
                0x08002b8c                USART1_IRQHandler
                0x08002b8c                CAN_RX0_IRQHandler
                0x08002b8c                I2C1_ER_IRQHandler
                0x08002b8c                EXTI2_TSC_IRQHandler
                0x08002b8c                TIM1_BRK_TIM15_IRQHandler
 *fill*         0x08002b8e        0x2 
 .text.HAL_Init
                0x08002b90       0x2c ./Drivers/STM32F3xx_HAL_Driver/Src/stm32f3xx_hal.o
                0x08002b90                HAL_Init
 .text.HAL_InitTick
                0x08002bbc       0x60 ./Drivers/STM32F3xx_HAL_Driver/Src/stm32f3xx_hal.o
                0x08002bbc                HAL_InitTick
 .text.HAL_IncTick
                0x08002c1c       0x28 ./Drivers/STM32F3xx_HAL_Driver/Src/stm32f3xx_hal.o
                0x08002c1c                HAL_IncTick
 .text.HAL_GetTick
                0x08002c44       0x18 ./Drivers/STM32F3xx_HAL_Driver/Src/stm32f3xx_hal.o
                0x08002c44                HAL_GetTick
 .text.HAL_Delay
                0x08002c5c       0x48 ./Drivers/STM32F3xx_HAL_Driver/Src/stm32f3xx_hal.o
                0x08002c5c                HAL_Delay
 .text.__NVIC_SetPriorityGrouping
                0x08002ca4       0x48 ./Drivers/STM32F3xx_HAL_Driver/Src/stm32f3xx_hal_cortex.o
 .text.__NVIC_GetPriorityGrouping
                0x08002cec       0x1c ./Drivers/STM32F3xx_HAL_Driver/Src/stm32f3xx_hal_cortex.o
 .text.__NVIC_EnableIRQ
                0x08002d08       0x3c ./Drivers/STM32F3xx_HAL_Driver/Src/stm32f3xx_hal_cortex.o
 .text.__NVIC_SetPriority
                0x08002d44       0x54 ./Drivers/STM32F3xx_HAL_Driver/Src/stm32f3xx_hal_cortex.o
 .text.NVIC_EncodePriority
                0x08002d98       0x66 ./Drivers/STM32F3xx_HAL_Driver/Src/stm32f3xx_hal_cortex.o
 *fill*         0x08002dfe        0x2 
 .text.SysTick_Config
                0x08002e00       0x44 ./Drivers/STM32F3xx_HAL_Driver/Src/stm32f3xx_hal_cortex.o
 .text.HAL_NVIC_SetPriorityGrouping
                0x08002e44       0x16 ./Drivers/STM32F3xx_HAL_Driver/Src/stm32f3xx_hal_cortex.o
                0x08002e44                HAL_NVIC_SetPriorityGrouping
 .text.HAL_NVIC_SetPriority
                0x08002e5a       0x38 ./Drivers/STM32F3xx_HAL_Driver/Src/stm32f3xx_hal_cortex.o
                0x08002e5a                HAL_NVIC_SetPriority
 .text.HAL_NVIC_EnableIRQ
                0x08002e92       0x1c ./Drivers/STM32F3xx_HAL_Driver/Src/stm32f3xx_hal_cortex.o
                0x08002e92                HAL_NVIC_EnableIRQ
 .text.HAL_SYSTICK_Config
                0x08002eae       0x18 ./Drivers/STM32F3xx_HAL_Driver/Src/stm32f3xx_hal_cortex.o
                0x08002eae                HAL_SYSTICK_Config
 .text.HAL_DMA_Init
                0x08002ec6       0x8e ./Drivers/STM32F3xx_HAL_Driver/Src/stm32f3xx_hal_dma.o
                0x08002ec6                HAL_DMA_Init
 .text.HAL_DMA_Start_IT
                0x08002f54       0xbe ./Drivers/STM32F3xx_HAL_Driver/Src/stm32f3xx_hal_dma.o
                0x08002f54                HAL_DMA_Start_IT
 .text.HAL_DMA_IRQHandler
                0x08003012      0x146 ./Drivers/STM32F3xx_HAL_Driver/Src/stm32f3xx_hal_dma.o
                0x08003012                HAL_DMA_IRQHandler
 .text.DMA_SetConfig
                0x08003158       0x5c ./Drivers/STM32F3xx_HAL_Driver/Src/stm32f3xx_hal_dma.o
 .text.DMA_CalcBaseAndBitshift
                0x080031b4       0x40 ./Drivers/STM32F3xx_HAL_Driver/Src/stm32f3xx_hal_dma.o
 .text.HAL_GPIO_Init
                0x080031f4      0x2e4 ./Drivers/STM32F3xx_HAL_Driver/Src/stm32f3xx_hal_gpio.o
                0x080031f4                HAL_GPIO_Init
 .text.HAL_GPIO_WritePin
                0x080034d8       0x30 ./Drivers/STM32F3xx_HAL_Driver/Src/stm32f3xx_hal_gpio.o
                0x080034d8                HAL_GPIO_WritePin
 .text.HAL_GPIO_TogglePin
                0x08003508       0x34 ./Drivers/STM32F3xx_HAL_Driver/Src/stm32f3xx_hal_gpio.o
                0x08003508                HAL_GPIO_TogglePin
 .text.HAL_GPIO_EXTI_IRQHandler
                0x0800353c       0x30 ./Drivers/STM32F3xx_HAL_Driver/Src/stm32f3xx_hal_gpio.o
                0x0800353c                HAL_GPIO_EXTI_IRQHandler
 .text.HAL_I2C_Init
                0x0800356c      0x136 ./Drivers/STM32F3xx_HAL_Driver/Src/stm32f3xx_hal_i2c.o
                0x0800356c                HAL_I2C_Init
 .text.HAL_I2CEx_ConfigAnalogFilter
                0x080036a2       0x96 ./Drivers/STM32F3xx_HAL_Driver/Src/stm32f3xx_hal_i2c_ex.o
                0x080036a2                HAL_I2CEx_ConfigAnalogFilter
 .text.HAL_I2CEx_ConfigDigitalFilter
                0x08003738       0x98 ./Drivers/STM32F3xx_HAL_Driver/Src/stm32f3xx_hal_i2c_ex.o
                0x08003738                HAL_I2CEx_ConfigDigitalFilter
 .text.HAL_RCC_OscConfig
                0x080037d0     0x101c ./Drivers/STM32F3xx_HAL_Driver/Src/stm32f3xx_hal_rcc.o
                0x080037d0                HAL_RCC_OscConfig
 .text.HAL_RCC_ClockConfig
                0x080047ec      0x2dc ./Drivers/STM32F3xx_HAL_Driver/Src/stm32f3xx_hal_rcc.o
                0x080047ec                HAL_RCC_ClockConfig
 .text.HAL_RCC_GetSysClockFreq
                0x08004ac8       0xa8 ./Drivers/STM32F3xx_HAL_Driver/Src/stm32f3xx_hal_rcc.o
                0x08004ac8                HAL_RCC_GetSysClockFreq
 .text.HAL_RCC_GetHCLKFreq
                0x08004b70       0x18 ./Drivers/STM32F3xx_HAL_Driver/Src/stm32f3xx_hal_rcc.o
                0x08004b70                HAL_RCC_GetHCLKFreq
 .text.HAL_RCC_GetPCLK1Freq
                0x08004b88       0x44 ./Drivers/STM32F3xx_HAL_Driver/Src/stm32f3xx_hal_rcc.o
                0x08004b88                HAL_RCC_GetPCLK1Freq
 .text.HAL_RCC_GetPCLK2Freq
                0x08004bcc       0x44 ./Drivers/STM32F3xx_HAL_Driver/Src/stm32f3xx_hal_rcc.o
                0x08004bcc                HAL_RCC_GetPCLK2Freq
 .text.HAL_RCCEx_PeriphCLKConfig
                0x08004c10      0x248 ./Drivers/STM32F3xx_HAL_Driver/Src/stm32f3xx_hal_rcc_ex.o
                0x08004c10                HAL_RCCEx_PeriphCLKConfig
 .text.HAL_SPI_Init
                0x08004e58      0x146 ./Drivers/STM32F3xx_HAL_Driver/Src/stm32f3xx_hal_spi.o
                0x08004e58                HAL_SPI_Init
 .text.HAL_SPI_Transmit
                0x08004f9e      0x2ea ./Drivers/STM32F3xx_HAL_Driver/Src/stm32f3xx_hal_spi.o
                0x08004f9e                HAL_SPI_Transmit
 .text.HAL_SPI_Transmit_DMA
                0x08005288      0x1e0 ./Drivers/STM32F3xx_HAL_Driver/Src/stm32f3xx_hal_spi.o
                0x08005288                HAL_SPI_Transmit_DMA
 .text.HAL_SPI_TxHalfCpltCallback
                0x08005468       0x14 ./Drivers/STM32F3xx_HAL_Driver/Src/stm32f3xx_hal_spi.o
                0x08005468                HAL_SPI_TxHalfCpltCallback
 .text.HAL_SPI_ErrorCallback
                0x0800547c       0x14 ./Drivers/STM32F3xx_HAL_Driver/Src/stm32f3xx_hal_spi.o
                0x0800547c                HAL_SPI_ErrorCallback
 .text.SPI_DMATransmitCplt
                0x08005490       0xa6 ./Drivers/STM32F3xx_HAL_Driver/Src/stm32f3xx_hal_spi.o
 .text.SPI_DMAHalfTransmitCplt
                0x08005536       0x1c ./Drivers/STM32F3xx_HAL_Driver/Src/stm32f3xx_hal_spi.o
 .text.SPI_DMAError
                0x08005552       0x40 ./Drivers/STM32F3xx_HAL_Driver/Src/stm32f3xx_hal_spi.o
 *fill*         0x08005592        0x2 
 .text.SPI_WaitFlagStateUntilTimeout
                0x08005594      0x110 ./Drivers/STM32F3xx_HAL_Driver/Src/stm32f3xx_hal_spi.o
 .text.SPI_WaitFifoStateUntilTimeout
                0x080056a4      0x12c ./Drivers/STM32F3xx_HAL_Driver/Src/stm32f3xx_hal_spi.o
 .text.SPI_EndRxTxTransaction
                0x080057d0       0x8c ./Drivers/STM32F3xx_HAL_Driver/Src/stm32f3xx_hal_spi.o
 .text.HAL_UART_Init
                0x0800585c       0x9c ./Drivers/STM32F3xx_HAL_Driver/Src/stm32f3xx_hal_uart.o
                0x0800585c                HAL_UART_Init
 .text.UART_SetConfig
                0x080058f8      0x26c ./Drivers/STM32F3xx_HAL_Driver/Src/stm32f3xx_hal_uart.o
                0x080058f8                UART_SetConfig
 .text.UART_AdvFeatureConfig
                0x08005b64      0x144 ./Drivers/STM32F3xx_HAL_Driver/Src/stm32f3xx_hal_uart.o
                0x08005b64                UART_AdvFeatureConfig
 .text.UART_CheckIdleState
                0x08005ca8      0x150 ./Drivers/STM32F3xx_HAL_Driver/Src/stm32f3xx_hal_uart.o
                0x08005ca8                UART_CheckIdleState
 .text.UART_WaitOnFlagUntilTimeout
                0x08005df8       0xda ./Drivers/STM32F3xx_HAL_Driver/Src/stm32f3xx_hal_uart.o
                0x08005df8                UART_WaitOnFlagUntilTimeout
 .text.UART_EndRxTransfer
                0x08005ed2       0xc8 ./Drivers/STM32F3xx_HAL_Driver/Src/stm32f3xx_hal_uart.o
 *fill*         0x08005f9a        0x2 
 .text.sprintf  0x08005f9c       0x44 C:/ST/STM32CubeIDE_1.19.0/STM32CubeIDE/plugins/com.st.stm32cube.ide.mcu.externaltools.gnu-tools-for-stm32.13.3.rel1.win32_1.0.0.202411081344/tools/bin/../lib/gcc/arm-none-eabi/13.3.1/../../../../arm-none-eabi/lib/thumb/v7e-m+fp/hard\libc_nano.a(libc_a-sprintf.o)
                0x08005f9c                siprintf
                0x08005f9c                sprintf
 .text.memset   0x08005fe0       0x10 C:/ST/STM32CubeIDE_1.19.0/STM32CubeIDE/plugins/com.st.stm32cube.ide.mcu.externaltools.gnu-tools-for-stm32.13.3.rel1.win32_1.0.0.202411081344/tools/bin/../lib/gcc/arm-none-eabi/13.3.1/../../../../arm-none-eabi/lib/thumb/v7e-m+fp/hard\libc_nano.a(libc_a-memset.o)
                0x08005fe0                memset
 .text.__errno  0x08005ff0        0xc C:/ST/STM32CubeIDE_1.19.0/STM32CubeIDE/plugins/com.st.stm32cube.ide.mcu.externaltools.gnu-tools-for-stm32.13.3.rel1.win32_1.0.0.202411081344/tools/bin/../lib/gcc/arm-none-eabi/13.3.1/../../../../arm-none-eabi/lib/thumb/v7e-m+fp/hard\libc_nano.a(libc_a-errno.o)
                0x08005ff0                __errno
 .text.__libc_init_array
                0x08005ffc       0x48 C:/ST/STM32CubeIDE_1.19.0/STM32CubeIDE/plugins/com.st.stm32cube.ide.mcu.externaltools.gnu-tools-for-stm32.13.3.rel1.win32_1.0.0.202411081344/tools/bin/../lib/gcc/arm-none-eabi/13.3.1/../../../../arm-none-eabi/lib/thumb/v7e-m+fp/hard\libc_nano.a(libc_a-init.o)
                0x08005ffc                __libc_init_array
 .text.__retarget_lock_acquire_recursive
                0x08006044        0x2 C:/ST/STM32CubeIDE_1.19.0/STM32CubeIDE/plugins/com.st.stm32cube.ide.mcu.externaltools.gnu-tools-for-stm32.13.3.rel1.win32_1.0.0.202411081344/tools/bin/../lib/gcc/arm-none-eabi/13.3.1/../../../../arm-none-eabi/lib/thumb/v7e-m+fp/hard\libc_nano.a(libc_a-lock.o)
                0x08006044                __retarget_lock_acquire_recursive
 .text.__retarget_lock_release_recursive
                0x08006046        0x2 C:/ST/STM32CubeIDE_1.19.0/STM32CubeIDE/plugins/com.st.stm32cube.ide.mcu.externaltools.gnu-tools-for-stm32.13.3.rel1.win32_1.0.0.202411081344/tools/bin/../lib/gcc/arm-none-eabi/13.3.1/../../../../arm-none-eabi/lib/thumb/v7e-m+fp/hard\libc_nano.a(libc_a-lock.o)
                0x08006046                __retarget_lock_release_recursive
 .text._free_r  0x08006048       0x94 C:/ST/STM32CubeIDE_1.19.0/STM32CubeIDE/plugins/com.st.stm32cube.ide.mcu.externaltools.gnu-tools-for-stm32.13.3.rel1.win32_1.0.0.202411081344/tools/bin/../lib/gcc/arm-none-eabi/13.3.1/../../../../arm-none-eabi/lib/thumb/v7e-m+fp/hard\libc_nano.a(libc_a-freer.o)
                0x08006048                _free_r
 .text.sbrk_aligned
                0x080060dc       0x44 C:/ST/STM32CubeIDE_1.19.0/STM32CubeIDE/plugins/com.st.stm32cube.ide.mcu.externaltools.gnu-tools-for-stm32.13.3.rel1.win32_1.0.0.202411081344/tools/bin/../lib/gcc/arm-none-eabi/13.3.1/../../../../arm-none-eabi/lib/thumb/v7e-m+fp/hard\libc_nano.a(libc_a-mallocr.o)
 .text._malloc_r
                0x08006120      0x100 C:/ST/STM32CubeIDE_1.19.0/STM32CubeIDE/plugins/com.st.stm32cube.ide.mcu.externaltools.gnu-tools-for-stm32.13.3.rel1.win32_1.0.0.202411081344/tools/bin/../lib/gcc/arm-none-eabi/13.3.1/../../../../arm-none-eabi/lib/thumb/v7e-m+fp/hard\libc_nano.a(libc_a-mallocr.o)
                0x08006120                _malloc_r
 .text.__malloc_lock
                0x08006220        0xc C:/ST/STM32CubeIDE_1.19.0/STM32CubeIDE/plugins/com.st.stm32cube.ide.mcu.externaltools.gnu-tools-for-stm32.13.3.rel1.win32_1.0.0.202411081344/tools/bin/../lib/gcc/arm-none-eabi/13.3.1/../../../../arm-none-eabi/lib/thumb/v7e-m+fp/hard\libc_nano.a(libc_a-mlock.o)
                0x08006220                __malloc_lock
 .text.__malloc_unlock
                0x0800622c        0xc C:/ST/STM32CubeIDE_1.19.0/STM32CubeIDE/plugins/com.st.stm32cube.ide.mcu.externaltools.gnu-tools-for-stm32.13.3.rel1.win32_1.0.0.202411081344/tools/bin/../lib/gcc/arm-none-eabi/13.3.1/../../../../arm-none-eabi/lib/thumb/v7e-m+fp/hard\libc_nano.a(libc_a-mlock.o)
                0x0800622c                __malloc_unlock
 .text.__ssputs_r
                0x08006238       0xb6 C:/ST/STM32CubeIDE_1.19.0/STM32CubeIDE/plugins/com.st.stm32cube.ide.mcu.externaltools.gnu-tools-for-stm32.13.3.rel1.win32_1.0.0.202411081344/tools/bin/../lib/gcc/arm-none-eabi/13.3.1/../../../../arm-none-eabi/lib/thumb/v7e-m+fp/hard\libc_nano.a(libc_a-nano-svfprintf.o)
                0x08006238                __ssputs_r
 *fill*         0x080062ee        0x2 
 .text._svfprintf_r
                0x080062f0      0x1f8 C:/ST/STM32CubeIDE_1.19.0/STM32CubeIDE/plugins/com.st.stm32cube.ide.mcu.externaltools.gnu-tools-for-stm32.13.3.rel1.win32_1.0.0.202411081344/tools/bin/../lib/gcc/arm-none-eabi/13.3.1/../../../../arm-none-eabi/lib/thumb/v7e-m+fp/hard\libc_nano.a(libc_a-nano-svfprintf.o)
                0x080062f0                _svfiprintf_r
                0x080062f0                _svfprintf_r
 .text._printf_common
                0x080064e8       0xda C:/ST/STM32CubeIDE_1.19.0/STM32CubeIDE/plugins/com.st.stm32cube.ide.mcu.externaltools.gnu-tools-for-stm32.13.3.rel1.win32_1.0.0.202411081344/tools/bin/../lib/gcc/arm-none-eabi/13.3.1/../../../../arm-none-eabi/lib/thumb/v7e-m+fp/hard\libc_nano.a(libc_a-nano-vfprintf_i.o)
                0x080064e8                _printf_common
 *fill*         0x080065c2        0x2 
 .text._printf_i
                0x080065c4      0x23c C:/ST/STM32CubeIDE_1.19.0/STM32CubeIDE/plugins/com.st.stm32cube.ide.mcu.externaltools.gnu-tools-for-stm32.13.3.rel1.win32_1.0.0.202411081344/tools/bin/../lib/gcc/arm-none-eabi/13.3.1/../../../../arm-none-eabi/lib/thumb/v7e-m+fp/hard\libc_nano.a(libc_a-nano-vfprintf_i.o)
                0x080065c4                _printf_i
 .text.memmove  0x08006800       0x34 C:/ST/STM32CubeIDE_1.19.0/STM32CubeIDE/plugins/com.st.stm32cube.ide.mcu.externaltools.gnu-tools-for-stm32.13.3.rel1.win32_1.0.0.202411081344/tools/bin/../lib/gcc/arm-none-eabi/13.3.1/../../../../arm-none-eabi/lib/thumb/v7e-m+fp/hard\libc_nano.a(libc_a-memmove.o)
                0x08006800                memmove
 .text._sbrk_r  0x08006834       0x20 C:/ST/STM32CubeIDE_1.19.0/STM32CubeIDE/plugins/com.st.stm32cube.ide.mcu.externaltools.gnu-tools-for-stm32.13.3.rel1.win32_1.0.0.202411081344/tools/bin/../lib/gcc/arm-none-eabi/13.3.1/../../../../arm-none-eabi/lib/thumb/v7e-m+fp/hard\libc_nano.a(libc_a-sbrkr.o)
                0x08006834                _sbrk_r
 .text.memcpy   0x08006854       0x1c C:/ST/STM32CubeIDE_1.19.0/STM32CubeIDE/plugins/com.st.stm32cube.ide.mcu.externaltools.gnu-tools-for-stm32.13.3.rel1.win32_1.0.0.202411081344/tools/bin/../lib/gcc/arm-none-eabi/13.3.1/../../../../arm-none-eabi/lib/thumb/v7e-m+fp/hard\libc_nano.a(libc_a-memcpy-stub.o)
                0x08006854                memcpy
 .text._realloc_r
                0x08006870       0x5c C:/ST/STM32CubeIDE_1.19.0/STM32CubeIDE/plugins/com.st.stm32cube.ide.mcu.externaltools.gnu-tools-for-stm32.13.3.rel1.win32_1.0.0.202411081344/tools/bin/../lib/gcc/arm-none-eabi/13.3.1/../../../../arm-none-eabi/lib/thumb/v7e-m+fp/hard\libc_nano.a(libc_a-reallocr.o)
                0x08006870                _realloc_r
 .text._malloc_usable_size_r
                0x080068cc       0x10 C:/ST/STM32CubeIDE_1.19.0/STM32CubeIDE/plugins/com.st.stm32cube.ide.mcu.externaltools.gnu-tools-for-stm32.13.3.rel1.win32_1.0.0.202411081344/tools/bin/../lib/gcc/arm-none-eabi/13.3.1/../../../../arm-none-eabi/lib/thumb/v7e-m+fp/hard\libc_nano.a(libc_a-msizer.o)
                0x080068cc                _malloc_usable_size_r
 *(.glue_7)
 .glue_7        0x080068dc        0x0 linker stubs
 *(.glue_7t)
 .glue_7t       0x080068dc        0x0 linker stubs
 *(.eh_frame)
 .eh_frame      0x080068dc        0x0 C:/ST/STM32CubeIDE_1.19.0/STM32CubeIDE/plugins/com.st.stm32cube.ide.mcu.externaltools.gnu-tools-for-stm32.13.3.rel1.win32_1.0.0.202411081344/tools/bin/../lib/gcc/arm-none-eabi/13.3.1/thumb/v7e-m+fp/hard/crtbegin.o
 *(.init)
 .init          0x080068dc        0x4 C:/ST/STM32CubeIDE_1.19.0/STM32CubeIDE/plugins/com.st.stm32cube.ide.mcu.externaltools.gnu-tools-for-stm32.13.3.rel1.win32_1.0.0.202411081344/tools/bin/../lib/gcc/arm-none-eabi/13.3.1/thumb/v7e-m+fp/hard/crti.o
                0x080068dc                _init
 .init          0x080068e0        0x8 C:/ST/STM32CubeIDE_1.19.0/STM32CubeIDE/plugins/com.st.stm32cube.ide.mcu.externaltools.gnu-tools-for-stm32.13.3.rel1.win32_1.0.0.202411081344/tools/bin/../lib/gcc/arm-none-eabi/13.3.1/thumb/v7e-m+fp/hard/crtn.o
 *(.fini)
 .fini          0x080068e8        0x4 C:/ST/STM32CubeIDE_1.19.0/STM32CubeIDE/plugins/com.st.stm32cube.ide.mcu.externaltools.gnu-tools-for-stm32.13.3.rel1.win32_1.0.0.202411081344/tools/bin/../lib/gcc/arm-none-eabi/13.3.1/thumb/v7e-m+fp/hard/crti.o
                0x080068e8                _fini
 .fini          0x080068ec        0x8 C:/ST/STM32CubeIDE_1.19.0/STM32CubeIDE/plugins/com.st.stm32cube.ide.mcu.externaltools.gnu-tools-for-stm32.13.3.rel1.win32_1.0.0.202411081344/tools/bin/../lib/gcc/arm-none-eabi/13.3.1/thumb/v7e-m+fp/hard/crtn.o
                0x080068f4                        . = ALIGN (0x4)
                0x080068f4                        _etext = .

.vfp11_veneer   0x080068f4        0x0
 .vfp11_veneer  0x080068f4        0x0 linker stubs

.v4_bx          0x080068f4        0x0
 .v4_bx         0x080068f4        0x0 linker stubs

.iplt           0x080068f4        0x0
 .iplt          0x080068f4        0x0 C:/ST/STM32CubeIDE_1.19.0/STM32CubeIDE/plugins/com.st.stm32cube.ide.mcu.externaltools.gnu-tools-for-stm32.13.3.rel1.win32_1.0.0.202411081344/tools/bin/../lib/gcc/arm-none-eabi/13.3.1/thumb/v7e-m+fp/hard/crtbegin.o

.rodata         0x080068f4     0x12b4
                0x080068f4                        . = ALIGN (0x4)
 *(.rodata)
 .rodata        0x080068f4       0x10 ./Core/Src/ILI9341_GFX.o
 .rodata        0x08006904       0xf4 ./Core/Src/main.o
 *(.rodata*)
 .rodata.Arial_Narrow15x19
                0x080069f8     0x1144 ./Core/Src/fonts.o
                0x080069f8                Arial_Narrow15x19
 .rodata.AHBPrescTable
                0x08007b3c       0x10 ./Core/Src/system_stm32f3xx.o
                0x08007b3c                AHBPrescTable
 .rodata.APBPrescTable
                0x08007b4c        0x8 ./Core/Src/system_stm32f3xx.o
                0x08007b4c                APBPrescTable
 .rodata.aPLLMULFactorTable
                0x08007b54       0x10 ./Drivers/STM32F3xx_HAL_Driver/Src/stm32f3xx_hal_rcc.o
 .rodata.aPredivFactorTable
                0x08007b64       0x10 ./Drivers/STM32F3xx_HAL_Driver/Src/stm32f3xx_hal_rcc.o
 .rodata._svfprintf_r.str1.1
                0x08007b74       0x33 C:/ST/STM32CubeIDE_1.19.0/STM32CubeIDE/plugins/com.st.stm32cube.ide.mcu.externaltools.gnu-tools-for-stm32.13.3.rel1.win32_1.0.0.202411081344/tools/bin/../lib/gcc/arm-none-eabi/13.3.1/../../../../arm-none-eabi/lib/thumb/v7e-m+fp/hard\libc_nano.a(libc_a-nano-svfprintf.o)
                                 0x11 (size before relaxing)
 .rodata._printf_i.str1.1
                0x08007ba7       0x22 C:/ST/STM32CubeIDE_1.19.0/STM32CubeIDE/plugins/com.st.stm32cube.ide.mcu.externaltools.gnu-tools-for-stm32.13.3.rel1.win32_1.0.0.202411081344/tools/bin/../lib/gcc/arm-none-eabi/13.3.1/../../../../arm-none-eabi/lib/thumb/v7e-m+fp/hard\libc_nano.a(libc_a-nano-vfprintf_i.o)
                0x08007bcc                        . = ALIGN (0x4)
 *fill*         0x08007ba7        0x1 

.ARM.extab      0x08007ba8        0x0
                0x08007ba8                        . = ALIGN (0x4)
 *(.ARM.extab* .gnu.linkonce.armextab.*)
                0x08007ba8                        . = ALIGN (0x4)

.ARM            0x08007ba8        0x8
                0x08007ba8                        . = ALIGN (0x4)
                0x08007ba8                        __exidx_start = .
 *(.ARM.exidx*)
 .ARM.exidx     0x08007ba8        0x8 C:/ST/STM32CubeIDE_1.19.0/STM32CubeIDE/plugins/com.st.stm32cube.ide.mcu.externaltools.gnu-tools-for-stm32.13.3.rel1.win32_1.0.0.202411081344/tools/bin/../lib/gcc/arm-none-eabi/13.3.1/../../../../arm-none-eabi/lib/thumb/v7e-m+fp/hard\libc_nano.a(libc_a-memchr.o)
                0x08007bb0                        __exidx_end = .
                0x08007bb0                        . = ALIGN (0x4)

.preinit_array  0x08007bb0        0x0
                0x08007bb0                        . = ALIGN (0x4)
                0x08007bb0                        PROVIDE (__preinit_array_start = .)
 *(.preinit_array*)
                0x08007bb0                        PROVIDE (__preinit_array_end = .)
                0x08007bb0                        . = ALIGN (0x4)

.init_array     0x08007bb0        0x4
                0x08007bb0                        . = ALIGN (0x4)
                0x08007bb0                        PROVIDE (__init_array_start = .)
 *(SORT_BY_NAME(.init_array.*))
 *(.init_array*)
 .init_array    0x08007bb0        0x4 C:/ST/STM32CubeIDE_1.19.0/STM32CubeIDE/plugins/com.st.stm32cube.ide.mcu.externaltools.gnu-tools-for-stm32.13.3.rel1.win32_1.0.0.202411081344/tools/bin/../lib/gcc/arm-none-eabi/13.3.1/thumb/v7e-m+fp/hard/crtbegin.o
                0x08007bb4                        PROVIDE (__init_array_end = .)
                0x08007bb4                        . = ALIGN (0x4)

.fini_array     0x08007bb4        0x4
                0x08007bb4                        . = ALIGN (0x4)
                [!provide]                        PROVIDE (__fini_array_start = .)
 *(SORT_BY_NAME(.fini_array.*))
 *(.fini_array*)
 .fini_array    0x08007bb4        0x4 C:/ST/STM32CubeIDE_1.19.0/STM32CubeIDE/plugins/com.st.stm32cube.ide.mcu.externaltools.gnu-tools-for-stm32.13.3.rel1.win32_1.0.0.202411081344/tools/bin/../lib/gcc/arm-none-eabi/13.3.1/thumb/v7e-m+fp/hard/crtbegin.o
                [!provide]                        PROVIDE (__fini_array_end = .)
                0x08007bb8                        . = ALIGN (0x4)
                0x08007bb8                        _sidata = LOADADDR (.data)

.rel.dyn        0x08007bb8        0x0
 .rel.iplt      0x08007bb8        0x0 C:/ST/STM32CubeIDE_1.19.0/STM32CubeIDE/plugins/com.st.stm32cube.ide.mcu.externaltools.gnu-tools-for-stm32.13.3.rel1.win32_1.0.0.202411081344/tools/bin/../lib/gcc/arm-none-eabi/13.3.1/thumb/v7e-m+fp/hard/crtbegin.o

.data           0x20000000       0x64 load address 0x08007bb8
                0x20000000                        . = ALIGN (0x4)
                0x20000000                        _sdata = .
 *(.data)
 *(.data*)
 .data.LCD_HEIGHT
                0x20000000        0x2 ./Core/Src/ILI9341_STM32_Driver.o
                0x20000000                LCD_HEIGHT
 .data.LCD_WIDTH
                0x20000002        0x2 ./Core/Src/ILI9341_STM32_Driver.o
                0x20000002                LCD_WIDTH
 .data.pressure
                0x20000004        0x2 ./Core/Src/main.o
                0x20000004                pressure
 *fill*         0x20000006        0x2 
 .data.SystemCoreClock
                0x20000008        0x4 ./Core/Src/system_stm32f3xx.o
                0x20000008                SystemCoreClock
 .data.uwTickPrio
                0x2000000c        0x4 ./Drivers/STM32F3xx_HAL_Driver/Src/stm32f3xx_hal.o
                0x2000000c                uwTickPrio
 .data.uwTickFreq
                0x20000010        0x1 ./Drivers/STM32F3xx_HAL_Driver/Src/stm32f3xx_hal.o
                0x20000010                uwTickFreq
 *fill*         0x20000011        0x3 
 .data._impure_ptr
                0x20000014        0x4 C:/ST/STM32CubeIDE_1.19.0/STM32CubeIDE/plugins/com.st.stm32cube.ide.mcu.externaltools.gnu-tools-for-stm32.13.3.rel1.win32_1.0.0.202411081344/tools/bin/../lib/gcc/arm-none-eabi/13.3.1/../../../../arm-none-eabi/lib/thumb/v7e-m+fp/hard\libc_nano.a(libc_a-impure.o)
                0x20000014                _impure_ptr
 .data._impure_data
                0x20000018       0x4c C:/ST/STM32CubeIDE_1.19.0/STM32CubeIDE/plugins/com.st.stm32cube.ide.mcu.externaltools.gnu-tools-for-stm32.13.3.rel1.win32_1.0.0.202411081344/tools/bin/../lib/gcc/arm-none-eabi/13.3.1/../../../../arm-none-eabi/lib/thumb/v7e-m+fp/hard\libc_nano.a(libc_a-impure.o)
                0x20000018                _impure_data
 *(.RamFunc)
 *(.RamFunc*)
                0x20000064                        . = ALIGN (0x4)
                0x20000064                        _edata = .
                0x08007c1c                        _siccmram = LOADADDR (.ccmram)

.igot.plt       0x20000064        0x0 load address 0x08007c1c
 .igot.plt      0x20000064        0x0 C:/ST/STM32CubeIDE_1.19.0/STM32CubeIDE/plugins/com.st.stm32cube.ide.mcu.externaltools.gnu-tools-for-stm32.13.3.rel1.win32_1.0.0.202411081344/tools/bin/../lib/gcc/arm-none-eabi/13.3.1/thumb/v7e-m+fp/hard/crtbegin.o

.ccmram         0x10000000        0x0 load address 0x08007c1c
                0x10000000                        . = ALIGN (0x4)
                0x10000000                        _sccmram = .
 *(.ccmram)
 *(.ccmram*)
                0x10000000                        . = ALIGN (0x4)
                0x10000000                        _eccmram = .
                0x10000000                        . = ALIGN (0x4)

.bss            0x20000064      0x390
                0x20000064                        _sbss = .
                0x20000064                        __bss_start__ = _sbss
 *(.bss)
 .bss           0x20000064       0x1c C:/ST/STM32CubeIDE_1.19.0/STM32CubeIDE/plugins/com.st.stm32cube.ide.mcu.externaltools.gnu-tools-for-stm32.13.3.rel1.win32_1.0.0.202411081344/tools/bin/../lib/gcc/arm-none-eabi/13.3.1/thumb/v7e-m+fp/hard/crtbegin.o
 *(.bss*)
 .bss.hi2c1     0x20000080       0x54 ./Core/Src/i2c.o
                0x20000080                hi2c1
 .bss.hdma_i2c1_rx
                0x200000d4       0x44 ./Core/Src/i2c.o
                0x200000d4                hdma_i2c1_rx
 .bss.hdma_i2c1_tx
                0x20000118       0x44 ./Core/Src/i2c.o
                0x20000118                hdma_i2c1_tx
 .bss.screen_status
                0x2000015c        0x1 ./Core/Src/main.o
                0x2000015c                screen_status
 *fill*         0x2000015d        0x3 
 .bss.string_buf
                0x20000160        0x7 ./Core/Src/main.o
                0x20000160                string_buf
 .bss.screen    0x20000167        0x1 ./Core/Src/main.o
                0x20000167                screen
 .bss.change    0x20000168        0x4 ./Core/Src/main.o
                0x20000168                change
 .bss.btn_pressed
                0x2000016c        0x1 ./Core/Src/main.o
                0x2000016c                btn_pressed
 *fill*         0x2000016d        0x3 
 .bss.mode      0x20000170        0x4 ./Core/Src/main.o
                0x20000170                mode
 .bss.hspi1     0x20000174       0x64 ./Core/Src/spi.o
                0x20000174                hspi1
 .bss.hdma_spi1_tx
                0x200001d8       0x44 ./Core/Src/spi.o
                0x200001d8                hdma_spi1_tx
 .bss.__sbrk_heap_end
                0x2000021c        0x4 ./Core/Src/sysmem.o
 .bss.huart2    0x20000220       0x88 ./Core/Src/usart.o
                0x20000220                huart2
 .bss.uwTick    0x200002a8        0x4 ./Drivers/STM32F3xx_HAL_Driver/Src/stm32f3xx_hal.o
                0x200002a8                uwTick
 .bss.__sf      0x200002ac      0x138 C:/ST/STM32CubeIDE_1.19.0/STM32CubeIDE/plugins/com.st.stm32cube.ide.mcu.externaltools.gnu-tools-for-stm32.13.3.rel1.win32_1.0.0.202411081344/tools/bin/../lib/gcc/arm-none-eabi/13.3.1/../../../../arm-none-eabi/lib/thumb/v7e-m+fp/hard\libc_nano.a(libc_a-findfp.o)
                0x200002ac                __sf
 .bss.errno     0x200003e4        0x4 C:/ST/STM32CubeIDE_1.19.0/STM32CubeIDE/plugins/com.st.stm32cube.ide.mcu.externaltools.gnu-tools-for-stm32.13.3.rel1.win32_1.0.0.202411081344/tools/bin/../lib/gcc/arm-none-eabi/13.3.1/../../../../arm-none-eabi/lib/thumb/v7e-m+fp/hard\libc_nano.a(libc_a-reent.o)
                0x200003e4                errno
 .bss.__lock___malloc_recursive_mutex
                0x200003e8        0x1 C:/ST/STM32CubeIDE_1.19.0/STM32CubeIDE/plugins/com.st.stm32cube.ide.mcu.externaltools.gnu-tools-for-stm32.13.3.rel1.win32_1.0.0.202411081344/tools/bin/../lib/gcc/arm-none-eabi/13.3.1/../../../../arm-none-eabi/lib/thumb/v7e-m+fp/hard\libc_nano.a(libc_a-lock.o)
                0x200003e8                __lock___malloc_recursive_mutex
 *fill*         0x200003e9        0x3 
 .bss.__malloc_sbrk_start
                0x200003ec        0x4 C:/ST/STM32CubeIDE_1.19.0/STM32CubeIDE/plugins/com.st.stm32cube.ide.mcu.externaltools.gnu-tools-for-stm32.13.3.rel1.win32_1.0.0.202411081344/tools/bin/../lib/gcc/arm-none-eabi/13.3.1/../../../../arm-none-eabi/lib/thumb/v7e-m+fp/hard\libc_nano.a(libc_a-mallocr.o)
                0x200003ec                __malloc_sbrk_start
 .bss.__malloc_free_list
                0x200003f0        0x4 C:/ST/STM32CubeIDE_1.19.0/STM32CubeIDE/plugins/com.st.stm32cube.ide.mcu.externaltools.gnu-tools-for-stm32.13.3.rel1.win32_1.0.0.202411081344/tools/bin/../lib/gcc/arm-none-eabi/13.3.1/../../../../arm-none-eabi/lib/thumb/v7e-m+fp/hard\libc_nano.a(libc_a-mallocr.o)
                0x200003f0                __malloc_free_list
 *(COMMON)
                0x200003f4                        . = ALIGN (0x4)
                0x200003f4                        _ebss = .
                0x200003f4                        __bss_end__ = _ebss

._user_heap_stack
                0x200003f4      0x604
                0x200003f8                        . = ALIGN (0x8)
 *fill*         0x200003f4        0x4 
                [!provide]                        PROVIDE (end = .)
                0x200003f8                        PROVIDE (_end = .)
                0x200005f8                        . = (. + _Min_Heap_Size)
 *fill*         0x200003f8      0x200 
                0x200009f8                        . = (. + _Min_Stack_Size)
 *fill*         0x200005f8      0x400 
                0x200009f8                        . = ALIGN (0x8)

/DISCARD/
 libc.a(*)
 libm.a(*)
 libgcc.a(*)

.ARM.attributes
                0x00000000       0x30
 *(.ARM.attributes)
 .ARM.attributes
                0x00000000       0x22 C:/ST/STM32CubeIDE_1.19.0/STM32CubeIDE/plugins/com.st.stm32cube.ide.mcu.externaltools.gnu-tools-for-stm32.13.3.rel1.win32_1.0.0.202411081344/tools/bin/../lib/gcc/arm-none-eabi/13.3.1/thumb/v7e-m+fp/hard/crti.o
 .ARM.attributes
                0x00000022       0x34 C:/ST/STM32CubeIDE_1.19.0/STM32CubeIDE/plugins/com.st.stm32cube.ide.mcu.externaltools.gnu-tools-for-stm32.13.3.rel1.win32_1.0.0.202411081344/tools/bin/../lib/gcc/arm-none-eabi/13.3.1/thumb/v7e-m+fp/hard/crtbegin.o
 .ARM.attributes
                0x00000056       0x34 ./Core/Src/ILI9341_GFX.o
 .ARM.attributes
                0x0000008a       0x34 ./Core/Src/ILI9341_STM32_Driver.o
 .ARM.attributes
                0x000000be       0x34 ./Core/Src/dma.o
 .ARM.attributes
                0x000000f2       0x34 ./Core/Src/fonts.o
 .ARM.attributes
                0x00000126       0x34 ./Core/Src/gpio.o
 .ARM.attributes
                0x0000015a       0x34 ./Core/Src/i2c.o
 .ARM.attributes
                0x0000018e       0x34 ./Core/Src/main.o
 .ARM.attributes
                0x000001c2       0x34 ./Core/Src/spi.o
 .ARM.attributes
                0x000001f6       0x34 ./Core/Src/stm32f3xx_hal_msp.o
 .ARM.attributes
                0x0000022a       0x34 ./Core/Src/stm32f3xx_it.o
 .ARM.attributes
                0x0000025e       0x34 ./Core/Src/sysmem.o
 .ARM.attributes
                0x00000292       0x34 ./Core/Src/system_stm32f3xx.o
 .ARM.attributes
                0x000002c6       0x34 ./Core/Src/text_function.o
 .ARM.attributes
                0x000002fa       0x34 ./Core/Src/usart.o
 .ARM.attributes
                0x0000032e       0x21 ./Core/Startup/startup_stm32f303k8tx.o
 .ARM.attributes
                0x0000034f       0x34 ./Drivers/STM32F3xx_HAL_Driver/Src/stm32f3xx_hal.o
 .ARM.attributes
                0x00000383       0x34 ./Drivers/STM32F3xx_HAL_Driver/Src/stm32f3xx_hal_cortex.o
 .ARM.attributes
                0x000003b7       0x34 ./Drivers/STM32F3xx_HAL_Driver/Src/stm32f3xx_hal_dma.o
 .ARM.attributes
                0x000003eb       0x34 ./Drivers/STM32F3xx_HAL_Driver/Src/stm32f3xx_hal_gpio.o
 .ARM.attributes
                0x0000041f       0x34 ./Drivers/STM32F3xx_HAL_Driver/Src/stm32f3xx_hal_i2c.o
 .ARM.attributes
                0x00000453       0x34 ./Drivers/STM32F3xx_HAL_Driver/Src/stm32f3xx_hal_i2c_ex.o
 .ARM.attributes
                0x00000487       0x34 ./Drivers/STM32F3xx_HAL_Driver/Src/stm32f3xx_hal_rcc.o
 .ARM.attributes
                0x000004bb       0x34 ./Drivers/STM32F3xx_HAL_Driver/Src/stm32f3xx_hal_rcc_ex.o
 .ARM.attributes
                0x000004ef       0x34 ./Drivers/STM32F3xx_HAL_Driver/Src/stm32f3xx_hal_spi.o
 .ARM.attributes
                0x00000523       0x34 ./Drivers/STM32F3xx_HAL_Driver/Src/stm32f3xx_hal_uart.o
 .ARM.attributes
                0x00000557       0x34 C:/ST/STM32CubeIDE_1.19.0/STM32CubeIDE/plugins/com.st.stm32cube.ide.mcu.externaltools.gnu-tools-for-stm32.13.3.rel1.win32_1.0.0.202411081344/tools/bin/../lib/gcc/arm-none-eabi/13.3.1/../../../../arm-none-eabi/lib/thumb/v7e-m+fp/hard\libc_nano.a(libc_a-findfp.o)
 .ARM.attributes
                0x0000058b       0x34 C:/ST/STM32CubeIDE_1.19.0/STM32CubeIDE/plugins/com.st.stm32cube.ide.mcu.externaltools.gnu-tools-for-stm32.13.3.rel1.win32_1.0.0.202411081344/tools/bin/../lib/gcc/arm-none-eabi/13.3.1/../../../../arm-none-eabi/lib/thumb/v7e-m+fp/hard\libc_nano.a(libc_a-sprintf.o)
 .ARM.attributes
                0x000005bf       0x34 C:/ST/STM32CubeIDE_1.19.0/STM32CubeIDE/plugins/com.st.stm32cube.ide.mcu.externaltools.gnu-tools-for-stm32.13.3.rel1.win32_1.0.0.202411081344/tools/bin/../lib/gcc/arm-none-eabi/13.3.1/../../../../arm-none-eabi/lib/thumb/v7e-m+fp/hard\libc_nano.a(libc_a-memset.o)
 .ARM.attributes
                0x000005f3       0x34 C:/ST/STM32CubeIDE_1.19.0/STM32CubeIDE/plugins/com.st.stm32cube.ide.mcu.externaltools.gnu-tools-for-stm32.13.3.rel1.win32_1.0.0.202411081344/tools/bin/../lib/gcc/arm-none-eabi/13.3.1/../../../../arm-none-eabi/lib/thumb/v7e-m+fp/hard\libc_nano.a(libc_a-reent.o)
 .ARM.attributes
                0x00000627       0x34 C:/ST/STM32CubeIDE_1.19.0/STM32CubeIDE/plugins/com.st.stm32cube.ide.mcu.externaltools.gnu-tools-for-stm32.13.3.rel1.win32_1.0.0.202411081344/tools/bin/../lib/gcc/arm-none-eabi/13.3.1/../../../../arm-none-eabi/lib/thumb/v7e-m+fp/hard\libc_nano.a(libc_a-impure.o)
 .ARM.attributes
                0x0000065b       0x34 C:/ST/STM32CubeIDE_1.19.0/STM32CubeIDE/plugins/com.st.stm32cube.ide.mcu.externaltools.gnu-tools-for-stm32.13.3.rel1.win32_1.0.0.202411081344/tools/bin/../lib/gcc/arm-none-eabi/13.3.1/../../../../arm-none-eabi/lib/thumb/v7e-m+fp/hard\libc_nano.a(libc_a-errno.o)
 .ARM.attributes
                0x0000068f       0x34 C:/ST/STM32CubeIDE_1.19.0/STM32CubeIDE/plugins/com.st.stm32cube.ide.mcu.externaltools.gnu-tools-for-stm32.13.3.rel1.win32_1.0.0.202411081344/tools/bin/../lib/gcc/arm-none-eabi/13.3.1/../../../../arm-none-eabi/lib/thumb/v7e-m+fp/hard\libc_nano.a(libc_a-init.o)
 .ARM.attributes
                0x000006c3       0x34 C:/ST/STM32CubeIDE_1.19.0/STM32CubeIDE/plugins/com.st.stm32cube.ide.mcu.externaltools.gnu-tools-for-stm32.13.3.rel1.win32_1.0.0.202411081344/tools/bin/../lib/gcc/arm-none-eabi/13.3.1/../../../../arm-none-eabi/lib/thumb/v7e-m+fp/hard\libc_nano.a(libc_a-lock.o)
 .ARM.attributes
                0x000006f7       0x34 C:/ST/STM32CubeIDE_1.19.0/STM32CubeIDE/plugins/com.st.stm32cube.ide.mcu.externaltools.gnu-tools-for-stm32.13.3.rel1.win32_1.0.0.202411081344/tools/bin/../lib/gcc/arm-none-eabi/13.3.1/../../../../arm-none-eabi/lib/thumb/v7e-m+fp/hard\libc_nano.a(libc_a-freer.o)
 .ARM.attributes
                0x0000072b       0x34 C:/ST/STM32CubeIDE_1.19.0/STM32CubeIDE/plugins/com.st.stm32cube.ide.mcu.externaltools.gnu-tools-for-stm32.13.3.rel1.win32_1.0.0.202411081344/tools/bin/../lib/gcc/arm-none-eabi/13.3.1/../../../../arm-none-eabi/lib/thumb/v7e-m+fp/hard\libc_nano.a(libc_a-mallocr.o)
 .ARM.attributes
                0x0000075f       0x34 C:/ST/STM32CubeIDE_1.19.0/STM32CubeIDE/plugins/com.st.stm32cube.ide.mcu.externaltools.gnu-tools-for-stm32.13.3.rel1.win32_1.0.0.202411081344/tools/bin/../lib/gcc/arm-none-eabi/13.3.1/../../../../arm-none-eabi/lib/thumb/v7e-m+fp/hard\libc_nano.a(libc_a-mlock.o)
 .ARM.attributes
                0x00000793       0x34 C:/ST/STM32CubeIDE_1.19.0/STM32CubeIDE/plugins/com.st.stm32cube.ide.mcu.externaltools.gnu-tools-for-stm32.13.3.rel1.win32_1.0.0.202411081344/tools/bin/../lib/gcc/arm-none-eabi/13.3.1/../../../../arm-none-eabi/lib/thumb/v7e-m+fp/hard\libc_nano.a(libc_a-nano-svfprintf.o)
 .ARM.attributes
                0x000007c7       0x34 C:/ST/STM32CubeIDE_1.19.0/STM32CubeIDE/plugins/com.st.stm32cube.ide.mcu.externaltools.gnu-tools-for-stm32.13.3.rel1.win32_1.0.0.202411081344/tools/bin/../lib/gcc/arm-none-eabi/13.3.1/../../../../arm-none-eabi/lib/thumb/v7e-m+fp/hard\libc_nano.a(libc_a-nano-vfprintf_i.o)
 .ARM.attributes
                0x000007fb       0x34 C:/ST/STM32CubeIDE_1.19.0/STM32CubeIDE/plugins/com.st.stm32cube.ide.mcu.externaltools.gnu-tools-for-stm32.13.3.rel1.win32_1.0.0.202411081344/tools/bin/../lib/gcc/arm-none-eabi/13.3.1/../../../../arm-none-eabi/lib/thumb/v7e-m+fp/hard\libc_nano.a(libc_a-memmove.o)
 .ARM.attributes
                0x0000082f       0x34 C:/ST/STM32CubeIDE_1.19.0/STM32CubeIDE/plugins/com.st.stm32cube.ide.mcu.externaltools.gnu-tools-for-stm32.13.3.rel1.win32_1.0.0.202411081344/tools/bin/../lib/gcc/arm-none-eabi/13.3.1/../../../../arm-none-eabi/lib/thumb/v7e-m+fp/hard\libc_nano.a(libc_a-sbrkr.o)
 .ARM.attributes
                0x00000863       0x1c C:/ST/STM32CubeIDE_1.19.0/STM32CubeIDE/plugins/com.st.stm32cube.ide.mcu.externaltools.gnu-tools-for-stm32.13.3.rel1.win32_1.0.0.202411081344/tools/bin/../lib/gcc/arm-none-eabi/13.3.1/../../../../arm-none-eabi/lib/thumb/v7e-m+fp/hard\libc_nano.a(libc_a-memchr.o)
 .ARM.attributes
                0x0000087f       0x34 C:/ST/STM32CubeIDE_1.19.0/STM32CubeIDE/plugins/com.st.stm32cube.ide.mcu.externaltools.gnu-tools-for-stm32.13.3.rel1.win32_1.0.0.202411081344/tools/bin/../lib/gcc/arm-none-eabi/13.3.1/../../../../arm-none-eabi/lib/thumb/v7e-m+fp/hard\libc_nano.a(libc_a-memcpy-stub.o)
 .ARM.attributes
                0x000008b3       0x34 C:/ST/STM32CubeIDE_1.19.0/STM32CubeIDE/plugins/com.st.stm32cube.ide.mcu.externaltools.gnu-tools-for-stm32.13.3.rel1.win32_1.0.0.202411081344/tools/bin/../lib/gcc/arm-none-eabi/13.3.1/../../../../arm-none-eabi/lib/thumb/v7e-m+fp/hard\libc_nano.a(libc_a-reallocr.o)
 .ARM.attributes
                0x000008e7       0x34 C:/ST/STM32CubeIDE_1.19.0/STM32CubeIDE/plugins/com.st.stm32cube.ide.mcu.externaltools.gnu-tools-for-stm32.13.3.rel1.win32_1.0.0.202411081344/tools/bin/../lib/gcc/arm-none-eabi/13.3.1/../../../../arm-none-eabi/lib/thumb/v7e-m+fp/hard\libc_nano.a(libc_a-msizer.o)
 .ARM.attributes
                0x0000091b       0x22 C:/ST/STM32CubeIDE_1.19.0/STM32CubeIDE/plugins/com.st.stm32cube.ide.mcu.externaltools.gnu-tools-for-stm32.13.3.rel1.win32_1.0.0.202411081344/tools/bin/../lib/gcc/arm-none-eabi/13.3.1/thumb/v7e-m+fp/hard\libgcc.a(_arm_muldf3.o)
 .ARM.attributes
                0x0000093d       0x22 C:/ST/STM32CubeIDE_1.19.0/STM32CubeIDE/plugins/com.st.stm32cube.ide.mcu.externaltools.gnu-tools-for-stm32.13.3.rel1.win32_1.0.0.202411081344/tools/bin/../lib/gcc/arm-none-eabi/13.3.1/thumb/v7e-m+fp/hard\libgcc.a(_arm_addsubdf3.o)
 .ARM.attributes
                0x0000095f       0x22 C:/ST/STM32CubeIDE_1.19.0/STM32CubeIDE/plugins/com.st.stm32cube.ide.mcu.externaltools.gnu-tools-for-stm32.13.3.rel1.win32_1.0.0.202411081344/tools/bin/../lib/gcc/arm-none-eabi/13.3.1/thumb/v7e-m+fp/hard\libgcc.a(_arm_fixunsdfsi.o)
 .ARM.attributes
                0x00000981       0x22 C:/ST/STM32CubeIDE_1.19.0/STM32CubeIDE/plugins/com.st.stm32cube.ide.mcu.externaltools.gnu-tools-for-stm32.13.3.rel1.win32_1.0.0.202411081344/tools/bin/../lib/gcc/arm-none-eabi/13.3.1/thumb/v7e-m+fp/hard/crtn.o
OUTPUT(meteo.elf elf32-littlearm)
LOAD linker stubs
LOAD C:/ST/STM32CubeIDE_1.19.0/STM32CubeIDE/plugins/com.st.stm32cube.ide.mcu.externaltools.gnu-tools-for-stm32.13.3.rel1.win32_1.0.0.202411081344/tools/bin/../lib/gcc/arm-none-eabi/13.3.1/../../../../arm-none-eabi/lib/thumb/v7e-m+fp/hard\libc.a
LOAD C:/ST/STM32CubeIDE_1.19.0/STM32CubeIDE/plugins/com.st.stm32cube.ide.mcu.externaltools.gnu-tools-for-stm32.13.3.rel1.win32_1.0.0.202411081344/tools/bin/../lib/gcc/arm-none-eabi/13.3.1/../../../../arm-none-eabi/lib/thumb/v7e-m+fp/hard\libm.a
LOAD C:/ST/STM32CubeIDE_1.19.0/STM32CubeIDE/plugins/com.st.stm32cube.ide.mcu.externaltools.gnu-tools-for-stm32.13.3.rel1.win32_1.0.0.202411081344/tools/bin/../lib/gcc/arm-none-eabi/13.3.1/thumb/v7e-m+fp/hard\libgcc.a

.debug_info     0x00000000    0x10501
 .debug_info    0x00000000      0xef7 ./Core/Src/ILI9341_GFX.o
 .debug_info    0x00000ef7      0xb40 ./Core/Src/ILI9341_STM32_Driver.o
 .debug_info    0x00001a37      0x2f3 ./Core/Src/dma.o
 .debug_info    0x00001d2a      0x159 ./Core/Src/fonts.o
 .debug_info    0x00001e83      0x4a4 ./Core/Src/gpio.o
 .debug_info    0x00002327      0xa01 ./Core/Src/i2c.o
 .debug_info    0x00002d28      0x75c ./Core/Src/main.o
 .debug_info    0x00003484      0x876 ./Core/Src/spi.o
 .debug_info    0x00003cfa      0x18d ./Core/Src/stm32f3xx_hal_msp.o
 .debug_info    0x00003e87      0x3f0 ./Core/Src/stm32f3xx_it.o
 .debug_info    0x00004277      0x168 ./Core/Src/sysmem.o
 .debug_info    0x000043df      0x407 ./Core/Src/system_stm32f3xx.o
 .debug_info    0x000047e6      0x189 ./Core/Src/text_function.o
 .debug_info    0x0000496f      0x91d ./Core/Src/usart.o
 .debug_info    0x0000528c       0x30 ./Core/Startup/startup_stm32f303k8tx.o
 .debug_info    0x000052bc      0x74a ./Drivers/STM32F3xx_HAL_Driver/Src/stm32f3xx_hal.o
 .debug_info    0x00005a06      0xa87 ./Drivers/STM32F3xx_HAL_Driver/Src/stm32f3xx_hal_cortex.o
 .debug_info    0x0000648d      0x6e1 ./Drivers/STM32F3xx_HAL_Driver/Src/stm32f3xx_hal_dma.o
 .debug_info    0x00006b6e      0x6a6 ./Drivers/STM32F3xx_HAL_Driver/Src/stm32f3xx_hal_gpio.o
 .debug_info    0x00007214     0x20c3 ./Drivers/STM32F3xx_HAL_Driver/Src/stm32f3xx_hal_i2c.o
 .debug_info    0x000092d7      0x8c0 ./Drivers/STM32F3xx_HAL_Driver/Src/stm32f3xx_hal_i2c_ex.o
 .debug_info    0x00009b97     0x148a ./Drivers/STM32F3xx_HAL_Driver/Src/stm32f3xx_hal_rcc.o
 .debug_info    0x0000b021      0x52e ./Drivers/STM32F3xx_HAL_Driver/Src/stm32f3xx_hal_rcc_ex.o
 .debug_info    0x0000b54f     0x160a ./Drivers/STM32F3xx_HAL_Driver/Src/stm32f3xx_hal_spi.o
 .debug_info    0x0000cb59     0x39a8 ./Drivers/STM32F3xx_HAL_Driver/Src/stm32f3xx_hal_uart.o

.debug_abbrev   0x00000000     0x2bc2
 .debug_abbrev  0x00000000      0x18b ./Core/Src/ILI9341_GFX.o
 .debug_abbrev  0x0000018b      0x298 ./Core/Src/ILI9341_STM32_Driver.o
 .debug_abbrev  0x00000423       0xfc ./Core/Src/dma.o
 .debug_abbrev  0x0000051f       0x8e ./Core/Src/fonts.o
 .debug_abbrev  0x000005ad      0x15a ./Core/Src/gpio.o
 .debug_abbrev  0x00000707      0x22a ./Core/Src/i2c.o
 .debug_abbrev  0x00000931      0x27c ./Core/Src/main.o
 .debug_abbrev  0x00000bad      0x205 ./Core/Src/spi.o
 .debug_abbrev  0x00000db2       0xc6 ./Core/Src/stm32f3xx_hal_msp.o
 .debug_abbrev  0x00000e78      0x16e ./Core/Src/stm32f3xx_it.o
 .debug_abbrev  0x00000fe6       0xbc ./Core/Src/sysmem.o
 .debug_abbrev  0x000010a2      0x11a ./Core/Src/system_stm32f3xx.o
 .debug_abbrev  0x000011bc       0x8c ./Core/Src/text_function.o
 .debug_abbrev  0x00001248      0x1f5 ./Core/Src/usart.o
 .debug_abbrev  0x0000143d       0x24 ./Core/Startup/startup_stm32f303k8tx.o
 .debug_abbrev  0x00001461      0x215 ./Drivers/STM32F3xx_HAL_Driver/Src/stm32f3xx_hal.o
 .debug_abbrev  0x00001676      0x2f8 ./Drivers/STM32F3xx_HAL_Driver/Src/stm32f3xx_hal_cortex.o
 .debug_abbrev  0x0000196e      0x20d ./Drivers/STM32F3xx_HAL_Driver/Src/stm32f3xx_hal_dma.o
 .debug_abbrev  0x00001b7b      0x1ca ./Drivers/STM32F3xx_HAL_Driver/Src/stm32f3xx_hal_gpio.o
 .debug_abbrev  0x00001d45      0x260 ./Drivers/STM32F3xx_HAL_Driver/Src/stm32f3xx_hal_i2c.o
 .debug_abbrev  0x00001fa5      0x1c2 ./Drivers/STM32F3xx_HAL_Driver/Src/stm32f3xx_hal_i2c_ex.o
 .debug_abbrev  0x00002167      0x300 ./Drivers/STM32F3xx_HAL_Driver/Src/stm32f3xx_hal_rcc.o
 .debug_abbrev  0x00002467      0x221 ./Drivers/STM32F3xx_HAL_Driver/Src/stm32f3xx_hal_rcc_ex.o
 .debug_abbrev  0x00002688      0x269 ./Drivers/STM32F3xx_HAL_Driver/Src/stm32f3xx_hal_spi.o
 .debug_abbrev  0x000028f1      0x2d1 ./Drivers/STM32F3xx_HAL_Driver/Src/stm32f3xx_hal_uart.o

.debug_aranges  0x00000000      0xe10
 .debug_aranges
                0x00000000       0x90 ./Core/Src/ILI9341_GFX.o
 .debug_aranges
                0x00000090       0xa8 ./Core/Src/ILI9341_STM32_Driver.o
 .debug_aranges
                0x00000138       0x20 ./Core/Src/dma.o
 .debug_aranges
                0x00000158       0x18 ./Core/Src/fonts.o
 .debug_aranges
                0x00000170       0x20 ./Core/Src/gpio.o
 .debug_aranges
                0x00000190       0x30 ./Core/Src/i2c.o
 .debug_aranges
                0x000001c0       0x38 ./Core/Src/main.o
 .debug_aranges
                0x000001f8       0x30 ./Core/Src/spi.o
 .debug_aranges
                0x00000228       0x20 ./Core/Src/stm32f3xx_hal_msp.o
 .debug_aranges
                0x00000248       0x80 ./Core/Src/stm32f3xx_it.o
 .debug_aranges
                0x000002c8       0x20 ./Core/Src/sysmem.o
 .debug_aranges
                0x000002e8       0x28 ./Core/Src/system_stm32f3xx.o
 .debug_aranges
                0x00000310       0x40 ./Core/Src/text_function.o
 .debug_aranges
                0x00000350       0x30 ./Core/Src/usart.o
 .debug_aranges
                0x00000380       0x28 ./Core/Startup/startup_stm32f303k8tx.o
 .debug_aranges
                0x000003a8       0xe0 ./Drivers/STM32F3xx_HAL_Driver/Src/stm32f3xx_hal.o
 .debug_aranges
                0x00000488      0x100 ./Drivers/STM32F3xx_HAL_Driver/Src/stm32f3xx_hal_cortex.o
 .debug_aranges
                0x00000588       0x88 ./Drivers/STM32F3xx_HAL_Driver/Src/stm32f3xx_hal_dma.o
 .debug_aranges
                0x00000610       0x58 ./Drivers/STM32F3xx_HAL_Driver/Src/stm32f3xx_hal_gpio.o
 .debug_aranges
                0x00000668      0x2a0 ./Drivers/STM32F3xx_HAL_Driver/Src/stm32f3xx_hal_i2c.o
 .debug_aranges
                0x00000908       0x48 ./Drivers/STM32F3xx_HAL_Driver/Src/stm32f3xx_hal_i2c_ex.o
 .debug_aranges
                0x00000950       0x88 ./Drivers/STM32F3xx_HAL_Driver/Src/stm32f3xx_hal_rcc.o
 .debug_aranges
                0x000009d8       0x38 ./Drivers/STM32F3xx_HAL_Driver/Src/stm32f3xx_hal_rcc_ex.o
 .debug_aranges
                0x00000a10      0x1d8 ./Drivers/STM32F3xx_HAL_Driver/Src/stm32f3xx_hal_spi.o
 .debug_aranges
                0x00000be8      0x228 ./Drivers/STM32F3xx_HAL_Driver/Src/stm32f3xx_hal_uart.o

.debug_rnglists
                0x00000000      0xacb
 .debug_rnglists
                0x00000000       0x75 ./Core/Src/ILI9341_GFX.o
 .debug_rnglists
                0x00000075       0x81 ./Core/Src/ILI9341_STM32_Driver.o
 .debug_rnglists
                0x000000f6       0x13 ./Core/Src/dma.o
 .debug_rnglists
                0x00000109       0x14 ./Core/Src/gpio.o
 .debug_rnglists
                0x0000011d       0x21 ./Core/Src/i2c.o
 .debug_rnglists
                0x0000013e       0x27 ./Core/Src/main.o
 .debug_rnglists
                0x00000165       0x20 ./Core/Src/spi.o
 .debug_rnglists
                0x00000185       0x13 ./Core/Src/stm32f3xx_hal_msp.o
 .debug_rnglists
                0x00000198       0x5b ./Core/Src/stm32f3xx_it.o
 .debug_rnglists
                0x000001f3       0x13 ./Core/Src/sysmem.o
 .debug_rnglists
                0x00000206       0x1a ./Core/Src/system_stm32f3xx.o
 .debug_rnglists
                0x00000220       0x30 ./Core/Src/text_function.o
 .debug_rnglists
                0x00000250       0x20 ./Core/Src/usart.o
 .debug_rnglists
                0x00000270       0x19 ./Core/Startup/startup_stm32f303k8tx.o
 .debug_rnglists
                0x00000289       0xa3 ./Drivers/STM32F3xx_HAL_Driver/Src/stm32f3xx_hal.o
 .debug_rnglists
                0x0000032c       0xbb ./Drivers/STM32F3xx_HAL_Driver/Src/stm32f3xx_hal_cortex.o
 .debug_rnglists
                0x000003e7       0x69 ./Drivers/STM32F3xx_HAL_Driver/Src/stm32f3xx_hal_dma.o
 .debug_rnglists
                0x00000450       0x3f ./Drivers/STM32F3xx_HAL_Driver/Src/stm32f3xx_hal_gpio.o
 .debug_rnglists
                0x0000048f      0x228 ./Drivers/STM32F3xx_HAL_Driver/Src/stm32f3xx_hal_i2c.o
 .debug_rnglists
                0x000006b7       0x35 ./Drivers/STM32F3xx_HAL_Driver/Src/stm32f3xx_hal_i2c_ex.o
 .debug_rnglists
                0x000006ec       0x66 ./Drivers/STM32F3xx_HAL_Driver/Src/stm32f3xx_hal_rcc.o
 .debug_rnglists
                0x00000752       0x27 ./Drivers/STM32F3xx_HAL_Driver/Src/stm32f3xx_hal_rcc_ex.o
 .debug_rnglists
                0x00000779      0x178 ./Drivers/STM32F3xx_HAL_Driver/Src/stm32f3xx_hal_spi.o
 .debug_rnglists
                0x000008f1      0x1da ./Drivers/STM32F3xx_HAL_Driver/Src/stm32f3xx_hal_uart.o

.debug_macro    0x00000000    0x1c645
 .debug_macro   0x00000000      0x2d7 ./Core/Src/ILI9341_GFX.o
 .debug_macro   0x000002d7      0xad8 ./Core/Src/ILI9341_GFX.o
 .debug_macro   0x00000daf      0x15e ./Core/Src/ILI9341_GFX.o
 .debug_macro   0x00000f0d       0x2e ./Core/Src/ILI9341_GFX.o
 .debug_macro   0x00000f3b       0x28 ./Core/Src/ILI9341_GFX.o
 .debug_macro   0x00000f63       0x22 ./Core/Src/ILI9341_GFX.o
 .debug_macro   0x00000f85       0x8e ./Core/Src/ILI9341_GFX.o
 .debug_macro   0x00001013       0x51 ./Core/Src/ILI9341_GFX.o
 .debug_macro   0x00001064      0x103 ./Core/Src/ILI9341_GFX.o
 .debug_macro   0x00001167       0x6a ./Core/Src/ILI9341_GFX.o
 .debug_macro   0x000011d1      0x1df ./Core/Src/ILI9341_GFX.o
 .debug_macro   0x000013b0       0x1c ./Core/Src/ILI9341_GFX.o
 .debug_macro   0x000013cc       0x22 ./Core/Src/ILI9341_GFX.o
 .debug_macro   0x000013ee       0xd9 ./Core/Src/ILI9341_GFX.o
 .debug_macro   0x000014c7      0xf07 ./Core/Src/ILI9341_GFX.o
 .debug_macro   0x000023ce    0x10be0 ./Core/Src/ILI9341_GFX.o
 .debug_macro   0x00012fae       0x6d ./Core/Src/ILI9341_GFX.o
 .debug_macro   0x0001301b     0x3574 ./Core/Src/ILI9341_GFX.o
 .debug_macro   0x0001658f      0x190 ./Core/Src/ILI9341_GFX.o
 .debug_macro   0x0001671f       0x55 ./Core/Src/ILI9341_GFX.o
 .debug_macro   0x00016774      0x8f8 ./Core/Src/ILI9341_GFX.o
 .debug_macro   0x0001706c      0x304 ./Core/Src/ILI9341_GFX.o
 .debug_macro   0x00017370      0x1b5 ./Core/Src/ILI9341_GFX.o
 .debug_macro   0x00017525      0x11b ./Core/Src/ILI9341_GFX.o
 .debug_macro   0x00017640      0x1d5 ./Core/Src/ILI9341_GFX.o
 .debug_macro   0x00017815      0x1bc ./Core/Src/ILI9341_GFX.o
 .debug_macro   0x000179d1       0x34 ./Core/Src/ILI9341_GFX.o
 .debug_macro   0x00017a05       0x3c ./Core/Src/ILI9341_GFX.o
 .debug_macro   0x00017a41       0x57 ./Core/Src/ILI9341_GFX.o
 .debug_macro   0x00017a98       0xc5 ./Core/Src/ILI9341_GFX.o
 .debug_macro   0x00017b5d      0x19f ./Core/Src/ILI9341_GFX.o
 .debug_macro   0x00017cfc      0x22c ./Core/Src/ILI9341_GFX.o
 .debug_macro   0x00017f28       0x5b ./Core/Src/ILI9341_GFX.o
 .debug_macro   0x00017f83       0xa5 ./Core/Src/ILI9341_GFX.o
 .debug_macro   0x00018028       0x81 ./Core/Src/ILI9341_GFX.o
 .debug_macro   0x000180a9       0xd3 ./Core/Src/ILI9341_GFX.o
 .debug_macro   0x0001817c      0x2fe ./Core/Src/ILI9341_GFX.o
 .debug_macro   0x0001847a      0x5ba ./Core/Src/ILI9341_GFX.o
 .debug_macro   0x00018a34       0x44 ./Core/Src/ILI9341_GFX.o
 .debug_macro   0x00018a78      0x285 ./Core/Src/ILI9341_GFX.o
 .debug_macro   0x00018cfd       0x94 ./Core/Src/ILI9341_GFX.o
 .debug_macro   0x00018d91       0xd6 ./Core/Src/ILI9341_GFX.o
 .debug_macro   0x00018e67       0x22 ./Core/Src/ILI9341_GFX.o
 .debug_macro   0x00018e89       0x10 ./Core/Src/ILI9341_GFX.o
 .debug_macro   0x00018e99       0x61 ./Core/Src/ILI9341_GFX.o
 .debug_macro   0x00018efa       0x2a ./Core/Src/ILI9341_GFX.o
 .debug_macro   0x00018f24       0x43 ./Core/Src/ILI9341_GFX.o
 .debug_macro   0x00018f67       0x34 ./Core/Src/ILI9341_GFX.o
 .debug_macro   0x00018f9b      0x370 ./Core/Src/ILI9341_GFX.o
 .debug_macro   0x0001930b       0x16 ./Core/Src/ILI9341_GFX.o
 .debug_macro   0x00019321       0x4a ./Core/Src/ILI9341_GFX.o
 .debug_macro   0x0001936b       0x34 ./Core/Src/ILI9341_GFX.o
 .debug_macro   0x0001939f       0x10 ./Core/Src/ILI9341_GFX.o
 .debug_macro   0x000193af       0x58 ./Core/Src/ILI9341_GFX.o
 .debug_macro   0x00019407       0x8e ./Core/Src/ILI9341_GFX.o
 .debug_macro   0x00019495       0x1c ./Core/Src/ILI9341_GFX.o
 .debug_macro   0x000194b1      0x185 ./Core/Src/ILI9341_GFX.o
 .debug_macro   0x00019636       0x10 ./Core/Src/ILI9341_GFX.o
 .debug_macro   0x00019646       0x3c ./Core/Src/ILI9341_GFX.o
 .debug_macro   0x00019682       0x20 ./Core/Src/ILI9341_GFX.o
 .debug_macro   0x000196a2      0x19b ./Core/Src/ILI9341_GFX.o
 .debug_macro   0x0001983d      0x1de ./Core/Src/ILI9341_STM32_Driver.o
 .debug_macro   0x00019a1b      0x1df ./Core/Src/dma.o
 .debug_macro   0x00019bfa       0x8e ./Core/Src/dma.o
 .debug_macro   0x00019c88       0x72 ./Core/Src/fonts.o
 .debug_macro   0x00019cfa       0x1c ./Core/Src/fonts.o
 .debug_macro   0x00019d16      0x1df ./Core/Src/gpio.o
 .debug_macro   0x00019ef5      0x1df ./Core/Src/i2c.o
 .debug_macro   0x0001a0d4      0x30e ./Core/Src/main.o
 .debug_macro   0x0001a3e2       0x16 ./Core/Src/main.o
 .debug_macro   0x0001a3f8       0x10 ./Core/Src/main.o
 .debug_macro   0x0001a408       0x16 ./Core/Src/main.o
 .debug_macro   0x0001a41e       0x16 ./Core/Src/main.o
 .debug_macro   0x0001a434      0x146 ./Core/Src/main.o
 .debug_macro   0x0001a57a       0xdc ./Core/Src/main.o
 .debug_macro   0x0001a656      0x1df ./Core/Src/spi.o
 .debug_macro   0x0001a835      0x1d5 ./Core/Src/stm32f3xx_hal_msp.o
 .debug_macro   0x0001aa0a      0x1df ./Core/Src/stm32f3xx_it.o
 .debug_macro   0x0001abe9      0x112 ./Core/Src/sysmem.o
 .debug_macro   0x0001acfb      0x23c ./Core/Src/sysmem.o
 .debug_macro   0x0001af37      0x1c6 ./Core/Src/system_stm32f3xx.o
 .debug_macro   0x0001b0fd       0x6d ./Core/Src/text_function.o
 .debug_macro   0x0001b16a      0x1df ./Core/Src/usart.o
 .debug_macro   0x0001b349      0x1ea ./Drivers/STM32F3xx_HAL_Driver/Src/stm32f3xx_hal.o
 .debug_macro   0x0001b533      0x1c6 ./Drivers/STM32F3xx_HAL_Driver/Src/stm32f3xx_hal_cortex.o
 .debug_macro   0x0001b6f9      0x1c6 ./Drivers/STM32F3xx_HAL_Driver/Src/stm32f3xx_hal_dma.o
 .debug_macro   0x0001b8bf      0x1cd ./Drivers/STM32F3xx_HAL_Driver/Src/stm32f3xx_hal_gpio.o
 .debug_macro   0x0001ba8c      0x292 ./Drivers/STM32F3xx_HAL_Driver/Src/stm32f3xx_hal_i2c.o
 .debug_macro   0x0001bd1e      0x1c6 ./Drivers/STM32F3xx_HAL_Driver/Src/stm32f3xx_hal_i2c_ex.o
 .debug_macro   0x0001bee4      0x1ea ./Drivers/STM32F3xx_HAL_Driver/Src/stm32f3xx_hal_rcc.o
 .debug_macro   0x0001c0ce      0x1c6 ./Drivers/STM32F3xx_HAL_Driver/Src/stm32f3xx_hal_rcc_ex.o
 .debug_macro   0x0001c294      0x1ce ./Drivers/STM32F3xx_HAL_Driver/Src/stm32f3xx_hal_spi.o
 .debug_macro   0x0001c462      0x1e3 ./Drivers/STM32F3xx_HAL_Driver/Src/stm32f3xx_hal_uart.o

.debug_line     0x00000000    0x15002
 .debug_line    0x00000000     0x105b ./Core/Src/ILI9341_GFX.o
 .debug_line    0x0000105b      0xb19 ./Core/Src/ILI9341_STM32_Driver.o
 .debug_line    0x00001b74      0x762 ./Core/Src/dma.o
 .debug_line    0x000022d6      0x40a ./Core/Src/fonts.o
 .debug_line    0x000026e0      0x78c ./Core/Src/gpio.o
 .debug_line    0x00002e6c      0x83b ./Core/Src/i2c.o
 .debug_line    0x000036a7      0xb0b ./Core/Src/main.o
 .debug_line    0x000041b2      0x806 ./Core/Src/spi.o
 .debug_line    0x000049b8      0x762 ./Core/Src/stm32f3xx_hal_msp.o
 .debug_line    0x0000511a      0x874 ./Core/Src/stm32f3xx_it.o
 .debug_line    0x0000598e      0x588 ./Core/Src/sysmem.o
 .debug_line    0x00005f16      0x7dc ./Core/Src/system_stm32f3xx.o
 .debug_line    0x000066f2      0x571 ./Core/Src/text_function.o
 .debug_line    0x00006c63      0x7d6 ./Core/Src/usart.o
 .debug_line    0x00007439       0x7a ./Core/Startup/startup_stm32f303k8tx.o
 .debug_line    0x000074b3      0xa18 ./Drivers/STM32F3xx_HAL_Driver/Src/stm32f3xx_hal.o
 .debug_line    0x00007ecb      0xbdc ./Drivers/STM32F3xx_HAL_Driver/Src/stm32f3xx_hal_cortex.o
 .debug_line    0x00008aa7      0xce2 ./Drivers/STM32F3xx_HAL_Driver/Src/stm32f3xx_hal_dma.o
 .debug_line    0x00009789      0xb4f ./Drivers/STM32F3xx_HAL_Driver/Src/stm32f3xx_hal_gpio.o
 .debug_line    0x0000a2d8     0x3769 ./Drivers/STM32F3xx_HAL_Driver/Src/stm32f3xx_hal_i2c.o
 .debug_line    0x0000da41      0x8c8 ./Drivers/STM32F3xx_HAL_Driver/Src/stm32f3xx_hal_i2c_ex.o
 .debug_line    0x0000e309     0x1577 ./Drivers/STM32F3xx_HAL_Driver/Src/stm32f3xx_hal_rcc.o
 .debug_line    0x0000f880      0xad8 ./Drivers/STM32F3xx_HAL_Driver/Src/stm32f3xx_hal_rcc_ex.o
 .debug_line    0x00010358     0x20a8 ./Drivers/STM32F3xx_HAL_Driver/Src/stm32f3xx_hal_spi.o
 .debug_line    0x00012400     0x2c02 ./Drivers/STM32F3xx_HAL_Driver/Src/stm32f3xx_hal_uart.o

.debug_str      0x00000000    0x9f4b0
 .debug_str     0x00000000    0x9f4b0 ./Core/Src/ILI9341_GFX.o
                              0x9ae75 (size before relaxing)
 .debug_str     0x0009f4b0    0x976e2 ./Core/Src/ILI9341_STM32_Driver.o
 .debug_str     0x0009f4b0    0x97107 ./Core/Src/dma.o
 .debug_str     0x0009f4b0     0x3e5a ./Core/Src/fonts.o
 .debug_str     0x0009f4b0    0x971d5 ./Core/Src/gpio.o
 .debug_str     0x0009f4b0    0x97494 ./Core/Src/i2c.o
 .debug_str     0x0009f4b0    0x9ad69 ./Core/Src/main.o
 .debug_str     0x0009f4b0    0x9730c ./Core/Src/spi.o
 .debug_str     0x0009f4b0    0x96df4 ./Core/Src/stm32f3xx_hal_msp.o
 .debug_str     0x0009f4b0    0x970ef ./Core/Src/stm32f3xx_it.o
 .debug_str     0x0009f4b0     0x7785 ./Core/Src/sysmem.o
 .debug_str     0x0009f4b0    0x96cb6 ./Core/Src/system_stm32f3xx.o
 .debug_str     0x0009f4b0     0x3e37 ./Core/Src/text_function.o
 .debug_str     0x0009f4b0    0x97347 ./Core/Src/usart.o
 .debug_str     0x0009f4b0       0x87 ./Core/Startup/startup_stm32f303k8tx.o
 .debug_str     0x0009f4b0    0x973a6 ./Drivers/STM32F3xx_HAL_Driver/Src/stm32f3xx_hal.o
 .debug_str     0x0009f4b0    0x972cb ./Drivers/STM32F3xx_HAL_Driver/Src/stm32f3xx_hal_cortex.o
 .debug_str     0x0009f4b0    0x96ffe ./Drivers/STM32F3xx_HAL_Driver/Src/stm32f3xx_hal_dma.o
 .debug_str     0x0009f4b0    0x96e95 ./Drivers/STM32F3xx_HAL_Driver/Src/stm32f3xx_hal_gpio.o
 .debug_str     0x0009f4b0    0x97fb6 ./Drivers/STM32F3xx_HAL_Driver/Src/stm32f3xx_hal_i2c.o
 .debug_str     0x0009f4b0    0x97233 ./Drivers/STM32F3xx_HAL_Driver/Src/stm32f3xx_hal_i2c_ex.o
 .debug_str     0x0009f4b0    0x97156 ./Drivers/STM32F3xx_HAL_Driver/Src/stm32f3xx_hal_rcc.o
 .debug_str     0x0009f4b0    0x96e55 ./Drivers/STM32F3xx_HAL_Driver/Src/stm32f3xx_hal_rcc_ex.o
 .debug_str     0x0009f4b0    0x975ce ./Drivers/STM32F3xx_HAL_Driver/Src/stm32f3xx_hal_spi.o
 .debug_str     0x0009f4b0    0x979d9 ./Drivers/STM32F3xx_HAL_Driver/Src/stm32f3xx_hal_uart.o

.comment        0x00000000       0x43
 .comment       0x00000000       0x43 ./Core/Src/ILI9341_GFX.o
                                 0x44 (size before relaxing)
 .comment       0x00000043       0x44 ./Core/Src/ILI9341_STM32_Driver.o
 .comment       0x00000043       0x44 ./Core/Src/dma.o
 .comment       0x00000043       0x44 ./Core/Src/fonts.o
 .comment       0x00000043       0x44 ./Core/Src/gpio.o
 .comment       0x00000043       0x44 ./Core/Src/i2c.o
 .comment       0x00000043       0x44 ./Core/Src/main.o
 .comment       0x00000043       0x44 ./Core/Src/spi.o
 .comment       0x00000043       0x44 ./Core/Src/stm32f3xx_hal_msp.o
 .comment       0x00000043       0x44 ./Core/Src/stm32f3xx_it.o
 .comment       0x00000043       0x44 ./Core/Src/sysmem.o
 .comment       0x00000043       0x44 ./Core/Src/system_stm32f3xx.o
 .comment       0x00000043       0x44 ./Core/Src/text_function.o
 .comment       0x00000043       0x44 ./Core/Src/usart.o
 .comment       0x00000043       0x44 ./Drivers/STM32F3xx_HAL_Driver/Src/stm32f3xx_hal.o
 .comment       0x00000043       0x44 ./Drivers/STM32F3xx_HAL_Driver/Src/stm32f3xx_hal_cortex.o
 .comment       0x00000043       0x44 ./Drivers/STM32F3xx_HAL_Driver/Src/stm32f3xx_hal_dma.o
 .comment       0x00000043       0x44 ./Drivers/STM32F3xx_HAL_Driver/Src/stm32f3xx_hal_gpio.o
 .comment       0x00000043       0x44 ./Drivers/STM32F3xx_HAL_Driver/Src/stm32f3xx_hal_i2c.o
 .comment       0x00000043       0x44 ./Drivers/STM32F3xx_HAL_Driver/Src/stm32f3xx_hal_i2c_ex.o
 .comment       0x00000043       0x44 ./Drivers/STM32F3xx_HAL_Driver/Src/stm32f3xx_hal_rcc.o
 .comment       0x00000043       0x44 ./Drivers/STM32F3xx_HAL_Driver/Src/stm32f3xx_hal_rcc_ex.o
 .comment       0x00000043       0x44 ./Drivers/STM32F3xx_HAL_Driver/Src/stm32f3xx_hal_spi.o
 .comment       0x00000043       0x44 ./Drivers/STM32F3xx_HAL_Driver/Src/stm32f3xx_hal_uart.o

.debug_frame    0x00000000     0x3df8
 .debug_frame   0x00000000      0x260 ./Core/Src/ILI9341_GFX.o
 .debug_frame   0x00000260      0x29c ./Core/Src/ILI9341_STM32_Driver.o
 .debug_frame   0x000004fc       0x34 ./Core/Src/dma.o
 .debug_frame   0x00000530       0x34 ./Core/Src/gpio.o
 .debug_frame   0x00000564       0x74 ./Core/Src/i2c.o
 .debug_frame   0x000005d8       0x90 ./Core/Src/main.o
 .debug_frame   0x00000668       0x74 ./Core/Src/spi.o
 .debug_frame   0x000006dc       0x38 ./Core/Src/stm32f3xx_hal_msp.o
 .debug_frame   0x00000714      0x174 ./Core/Src/stm32f3xx_it.o
 .debug_frame   0x00000888       0x34 ./Core/Src/sysmem.o
 .debug_frame   0x000008bc       0x58 ./Core/Src/system_stm32f3xx.o
 .debug_frame   0x00000914       0xd8 ./Core/Src/text_function.o
 .debug_frame   0x000009ec       0x74 ./Core/Src/usart.o
 .debug_frame   0x00000a60      0x334 ./Drivers/STM32F3xx_HAL_Driver/Src/stm32f3xx_hal.o
 .debug_frame   0x00000d94      0x428 ./Drivers/STM32F3xx_HAL_Driver/Src/stm32f3xx_hal_cortex.o
 .debug_frame   0x000011bc      0x224 ./Drivers/STM32F3xx_HAL_Driver/Src/stm32f3xx_hal_dma.o
 .debug_frame   0x000013e0      0x14c ./Drivers/STM32F3xx_HAL_Driver/Src/stm32f3xx_hal_gpio.o
 .debug_frame   0x0000152c      0xc38 ./Drivers/STM32F3xx_HAL_Driver/Src/stm32f3xx_hal_i2c.o
 .debug_frame   0x00002164      0x100 ./Drivers/STM32F3xx_HAL_Driver/Src/stm32f3xx_hal_i2c_ex.o
 .debug_frame   0x00002264      0x214 ./Drivers/STM32F3xx_HAL_Driver/Src/stm32f3xx_hal_rcc.o
 .debug_frame   0x00002478       0xac ./Drivers/STM32F3xx_HAL_Driver/Src/stm32f3xx_hal_rcc_ex.o
 .debug_frame   0x00002524      0x860 ./Drivers/STM32F3xx_HAL_Driver/Src/stm32f3xx_hal_spi.o
 .debug_frame   0x00002d84      0x9e8 ./Drivers/STM32F3xx_HAL_Driver/Src/stm32f3xx_hal_uart.o
 .debug_frame   0x0000376c      0x144 C:/ST/STM32CubeIDE_1.19.0/STM32CubeIDE/plugins/com.st.stm32cube.ide.mcu.externaltools.gnu-tools-for-stm32.13.3.rel1.win32_1.0.0.202411081344/tools/bin/../lib/gcc/arm-none-eabi/13.3.1/../../../../arm-none-eabi/lib/thumb/v7e-m+fp/hard\libc_nano.a(libc_a-findfp.o)
 .debug_frame   0x000038b0       0x74 C:/ST/STM32CubeIDE_1.19.0/STM32CubeIDE/plugins/com.st.stm32cube.ide.mcu.externaltools.gnu-tools-for-stm32.13.3.rel1.win32_1.0.0.202411081344/tools/bin/../lib/gcc/arm-none-eabi/13.3.1/../../../../arm-none-eabi/lib/thumb/v7e-m+fp/hard\libc_nano.a(libc_a-sprintf.o)
 .debug_frame   0x00003924       0x20 C:/ST/STM32CubeIDE_1.19.0/STM32CubeIDE/plugins/com.st.stm32cube.ide.mcu.externaltools.gnu-tools-for-stm32.13.3.rel1.win32_1.0.0.202411081344/tools/bin/../lib/gcc/arm-none-eabi/13.3.1/../../../../arm-none-eabi/lib/thumb/v7e-m+fp/hard\libc_nano.a(libc_a-memset.o)
 .debug_frame   0x00003944       0x38 C:/ST/STM32CubeIDE_1.19.0/STM32CubeIDE/plugins/com.st.stm32cube.ide.mcu.externaltools.gnu-tools-for-stm32.13.3.rel1.win32_1.0.0.202411081344/tools/bin/../lib/gcc/arm-none-eabi/13.3.1/../../../../arm-none-eabi/lib/thumb/v7e-m+fp/hard\libc_nano.a(libc_a-reent.o)
 .debug_frame   0x0000397c       0x20 C:/ST/STM32CubeIDE_1.19.0/STM32CubeIDE/plugins/com.st.stm32cube.ide.mcu.externaltools.gnu-tools-for-stm32.13.3.rel1.win32_1.0.0.202411081344/tools/bin/../lib/gcc/arm-none-eabi/13.3.1/../../../../arm-none-eabi/lib/thumb/v7e-m+fp/hard\libc_nano.a(libc_a-errno.o)
 .debug_frame   0x0000399c       0x2c C:/ST/STM32CubeIDE_1.19.0/STM32CubeIDE/plugins/com.st.stm32cube.ide.mcu.externaltools.gnu-tools-for-stm32.13.3.rel1.win32_1.0.0.202411081344/tools/bin/../lib/gcc/arm-none-eabi/13.3.1/../../../../arm-none-eabi/lib/thumb/v7e-m+fp/hard\libc_nano.a(libc_a-init.o)
 .debug_frame   0x000039c8       0xb0 C:/ST/STM32CubeIDE_1.19.0/STM32CubeIDE/plugins/com.st.stm32cube.ide.mcu.externaltools.gnu-tools-for-stm32.13.3.rel1.win32_1.0.0.202411081344/tools/bin/../lib/gcc/arm-none-eabi/13.3.1/../../../../arm-none-eabi/lib/thumb/v7e-m+fp/hard\libc_nano.a(libc_a-lock.o)
 .debug_frame   0x00003a78       0x38 C:/ST/STM32CubeIDE_1.19.0/STM32CubeIDE/plugins/com.st.stm32cube.ide.mcu.externaltools.gnu-tools-for-stm32.13.3.rel1.win32_1.0.0.202411081344/tools/bin/../lib/gcc/arm-none-eabi/13.3.1/../../../../arm-none-eabi/lib/thumb/v7e-m+fp/hard\libc_nano.a(libc_a-freer.o)
 .debug_frame   0x00003ab0       0x50 C:/ST/STM32CubeIDE_1.19.0/STM32CubeIDE/plugins/com.st.stm32cube.ide.mcu.externaltools.gnu-tools-for-stm32.13.3.rel1.win32_1.0.0.202411081344/tools/bin/../lib/gcc/arm-none-eabi/13.3.1/../../../../arm-none-eabi/lib/thumb/v7e-m+fp/hard\libc_nano.a(libc_a-mallocr.o)
 .debug_frame   0x00003b00       0x30 C:/ST/STM32CubeIDE_1.19.0/STM32CubeIDE/plugins/com.st.stm32cube.ide.mcu.externaltools.gnu-tools-for-stm32.13.3.rel1.win32_1.0.0.202411081344/tools/bin/../lib/gcc/arm-none-eabi/13.3.1/../../../../arm-none-eabi/lib/thumb/v7e-m+fp/hard\libc_nano.a(libc_a-mlock.o)
 .debug_frame   0x00003b30       0x90 C:/ST/STM32CubeIDE_1.19.0/STM32CubeIDE/plugins/com.st.stm32cube.ide.mcu.externaltools.gnu-tools-for-stm32.13.3.rel1.win32_1.0.0.202411081344/tools/bin/../lib/gcc/arm-none-eabi/13.3.1/../../../../arm-none-eabi/lib/thumb/v7e-m+fp/hard\libc_nano.a(libc_a-nano-svfprintf.o)
 .debug_frame   0x00003bc0       0x60 C:/ST/STM32CubeIDE_1.19.0/STM32CubeIDE/plugins/com.st.stm32cube.ide.mcu.externaltools.gnu-tools-for-stm32.13.3.rel1.win32_1.0.0.202411081344/tools/bin/../lib/gcc/arm-none-eabi/13.3.1/../../../../arm-none-eabi/lib/thumb/v7e-m+fp/hard\libc_nano.a(libc_a-nano-vfprintf_i.o)
 .debug_frame   0x00003c20       0x28 C:/ST/STM32CubeIDE_1.19.0/STM32CubeIDE/plugins/com.st.stm32cube.ide.mcu.externaltools.gnu-tools-for-stm32.13.3.rel1.win32_1.0.0.202411081344/tools/bin/../lib/gcc/arm-none-eabi/13.3.1/../../../../arm-none-eabi/lib/thumb/v7e-m+fp/hard\libc_nano.a(libc_a-memmove.o)
 .debug_frame   0x00003c48       0x2c C:/ST/STM32CubeIDE_1.19.0/STM32CubeIDE/plugins/com.st.stm32cube.ide.mcu.externaltools.gnu-tools-for-stm32.13.3.rel1.win32_1.0.0.202411081344/tools/bin/../lib/gcc/arm-none-eabi/13.3.1/../../../../arm-none-eabi/lib/thumb/v7e-m+fp/hard\libc_nano.a(libc_a-sbrkr.o)
 .debug_frame   0x00003c74       0x28 C:/ST/STM32CubeIDE_1.19.0/STM32CubeIDE/plugins/com.st.stm32cube.ide.mcu.externaltools.gnu-tools-for-stm32.13.3.rel1.win32_1.0.0.202411081344/tools/bin/../lib/gcc/arm-none-eabi/13.3.1/../../../../arm-none-eabi/lib/thumb/v7e-m+fp/hard\libc_nano.a(libc_a-memcpy-stub.o)
 .debug_frame   0x00003c9c       0x3c C:/ST/STM32CubeIDE_1.19.0/STM32CubeIDE/plugins/com.st.stm32cube.ide.mcu.externaltools.gnu-tools-for-stm32.13.3.rel1.win32_1.0.0.202411081344/tools/bin/../lib/gcc/arm-none-eabi/13.3.1/../../../../arm-none-eabi/lib/thumb/v7e-m+fp/hard\libc_nano.a(libc_a-reallocr.o)
 .debug_frame   0x00003cd8       0x20 C:/ST/STM32CubeIDE_1.19.0/STM32CubeIDE/plugins/com.st.stm32cube.ide.mcu.externaltools.gnu-tools-for-stm32.13.3.rel1.win32_1.0.0.202411081344/tools/bin/../lib/gcc/arm-none-eabi/13.3.1/../../../../arm-none-eabi/lib/thumb/v7e-m+fp/hard\libc_nano.a(libc_a-msizer.o)
 .debug_frame   0x00003cf8       0x30 C:/ST/STM32CubeIDE_1.19.0/STM32CubeIDE/plugins/com.st.stm32cube.ide.mcu.externaltools.gnu-tools-for-stm32.13.3.rel1.win32_1.0.0.202411081344/tools/bin/../lib/gcc/arm-none-eabi/13.3.1/thumb/v7e-m+fp/hard\libgcc.a(_arm_muldf3.o)
 .debug_frame   0x00003d28       0xac C:/ST/STM32CubeIDE_1.19.0/STM32CubeIDE/plugins/com.st.stm32cube.ide.mcu.externaltools.gnu-tools-for-stm32.13.3.rel1.win32_1.0.0.202411081344/tools/bin/../lib/gcc/arm-none-eabi/13.3.1/thumb/v7e-m+fp/hard\libgcc.a(_arm_addsubdf3.o)
 .debug_frame   0x00003dd4       0x24 C:/ST/STM32CubeIDE_1.19.0/STM32CubeIDE/plugins/com.st.stm32cube.ide.mcu.externaltools.gnu-tools-for-stm32.13.3.rel1.win32_1.0.0.202411081344/tools/bin/../lib/gcc/arm-none-eabi/13.3.1/thumb/v7e-m+fp/hard\libgcc.a(_arm_fixunsdfsi.o)

.debug_line_str
                0x00000000       0x6b
 .debug_line_str
                0x00000000       0x6b ./Core/Startup/startup_stm32f303k8tx.o
