../Core/Src/ILI9341_GFX.c:8:22:DelayUs	16	static
../Core/Src/ILI9341_GFX.c:14:6:ILI9341_DrawHollowCircle	48	static
../Core/Src/ILI9341_GFX.c:46:6:ILI9341_DrawFilledCircle	56	static
../Core/Src/ILI9341_GFX.c:78:6:ILI9341_DrawHollowRectangleCoord	40	static
../Core/Src/ILI9341_GFX.c:119:6:ILI9341_DrawFilledRectangleCoord	48	static
../Core/Src/ILI9341_GFX.c:157:6:ILI9341_DrawChar	64	static
../Core/Src/ILI9341_GFX.c:186:6:ILI9341_DrawText	48	static
../Core/Src/ILI9341_GFX.c:210:6:ILI9341_DrawImage	24	static
../Core/Src/ILI9341_GFX.c:238:6:ILI9341_DrawChar_Scaled	64	static
../Core/Src/ILI9341_GFX.c:271:6:ILI9341_DrawText_Scaled	56	static
../Core/Src/ILI9341_GFX.c:285:6:DrawDataCentered_WithOffset	64	static
../Core/Src/ILI9341_GFX.c:306:6:DrawDataCentered2	112	static
../Core/Src/ILI9341_GFX.c:376:6:DrawDataInBox	104	static
../Core/Src/ILI9341_GFX.c:465:6:DrawSun	56	static
../Core/Src/ILI9341_GFX.c:507:6:DrawCloud	72	static
../Core/Src/ILI9341_GFX.c:592:6:DrawRain	96	static
../Core/Src/ILI9341_GFX.c:699:6:DrawFog	32	static
