20:48:11 **** Incremental Build of configuration Debug for project meteo ****
make -j12 all 
arm-none-eabi-gcc "../Core/Src/main.c" -mcpu=cortex-m4 -std=gnu11 -g3 -DDEBUG -DUSE_HAL_DRIVER -DSTM32F303x8 -c -I../Core/Inc -I../Drivers/STM32F3xx_HAL_Driver/Inc -I../Drivers/STM32F3xx_HAL_Driver/Inc/Legacy -I../Drivers/CMSIS/Device/ST/STM32F3xx/Include -I../Drivers/CMSIS/Include -O0 -ffunction-sections -fdata-sections -Wall -fstack-usage -fcyclomatic-complexity -MMD -MP -MF"Core/Src/main.d" -MT"Core/Src/main.o" --specs=nano.specs -mfpu=fpv4-sp-d16 -mfloat-abi=hard -mthumb -o "Core/Src/main.o"
arm-none-eabi-gcc -o "meteo.elf" @"objects.list"   -mcpu=cortex-m4 -T"C:\Git\STM_cubeIDE\projects_vrs\vrs_meteo\launch_meteo\meteo\STM32F303K8TX_FLASH.ld" --specs=nosys.specs -Wl,-Map="meteo.map" -Wl,--gc-sections -static --specs=nano.specs -mfpu=fpv4-sp-d16 -mfloat-abi=hard -mthumb -Wl,--start-group -lc -lm -Wl,--end-group
Finished building target: meteo.elf
 
arm-none-eabi-size  meteo.elf 
arm-none-eabi-objdump -h -S meteo.elf  > "meteo.list"
   text	   data	    bss	    dec	    hex	filename
  23988	     16	   1888	  25892	   6524	meteo.elf
Finished building: default.size.stdout
 
Finished building: meteo.list
 
20:48:32 **** Incremental Build of configuration Debug for project meteo ****
make -j12 all 
arm-none-eabi-size  meteo.elf 
   text	   data	    bss	    dec	    hex	filename
  23988	     16	   1888	  25892	   6524	meteo.elf
Finished building: default.size.stdout
 
20:50:22 **** Incremental Build of configuration Debug for project meteo ****
make -j12 all 
arm-none-eabi-gcc "../Core/Src/main.c" -mcpu=cortex-m4 -std=gnu11 -g3 -DDEBUG -DUSE_HAL_DRIVER -DSTM32F303x8 -c -I../Core/Inc -I../Drivers/STM32F3xx_HAL_Driver/Inc -I../Drivers/STM32F3xx_HAL_Driver/Inc/Legacy -I../Drivers/CMSIS/Device/ST/STM32F3xx/Include -I../Drivers/CMSIS/Include -O0 -ffunction-sections -fdata-sections -Wall -fstack-usage -fcyclomatic-complexity -MMD -MP -MF"Core/Src/main.d" -MT"Core/Src/main.o" --specs=nano.specs -mfpu=fpv4-sp-d16 -mfloat-abi=hard -mthumb -o "Core/Src/main.o"
arm-none-eabi-gcc -o "meteo.elf" @"objects.list"   -mcpu=cortex-m4 -T"C:\Git\STM_cubeIDE\projects_vrs\vrs_meteo\launch_meteo\meteo\STM32F303K8TX_FLASH.ld" --specs=nosys.specs -Wl,-Map="meteo.map" -Wl,--gc-sections -static --specs=nano.specs -mfpu=fpv4-sp-d16 -mfloat-abi=hard -mthumb -Wl,--start-group -lc -lm -Wl,--end-group
Finished building target: meteo.elf
 
arm-none-eabi-size  meteo.elf 
arm-none-eabi-objdump -h -S meteo.elf  > "meteo.list"
   text	   data	    bss	    dec	    hex	filename
  24000	     16	   1888	  25904	   6530	meteo.elf
Finished building: default.size.stdout
 
Finished building: meteo.list
 
20:52:24 **** Incremental Build of configuration Debug for project meteo ****
make -j12 all 
arm-none-eabi-gcc "../Core/Src/main.c" -mcpu=cortex-m4 -std=gnu11 -g3 -DDEBUG -DUSE_HAL_DRIVER -DSTM32F303x8 -c -I../Core/Inc -I../Drivers/STM32F3xx_HAL_Driver/Inc -I../Drivers/STM32F3xx_HAL_Driver/Inc/Legacy -I../Drivers/CMSIS/Device/ST/STM32F3xx/Include -I../Drivers/CMSIS/Include -O0 -ffunction-sections -fdata-sections -Wall -fstack-usage -fcyclomatic-complexity -MMD -MP -MF"Core/Src/main.d" -MT"Core/Src/main.o" --specs=nano.specs -mfpu=fpv4-sp-d16 -mfloat-abi=hard -mthumb -o "Core/Src/main.o"
arm-none-eabi-gcc -o "meteo.elf" @"objects.list"   -mcpu=cortex-m4 -T"C:\Git\STM_cubeIDE\projects_vrs\vrs_meteo\launch_meteo\meteo\STM32F303K8TX_FLASH.ld" --specs=nosys.specs -Wl,-Map="meteo.map" -Wl,--gc-sections -static --specs=nano.specs -mfpu=fpv4-sp-d16 -mfloat-abi=hard -mthumb -Wl,--start-group -lc -lm -Wl,--end-group
Finished building target: meteo.elf
 
arm-none-eabi-size  meteo.elf 
arm-none-eabi-objdump -h -S meteo.elf  > "meteo.list"
   text	   data	    bss	    dec	    hex	filename
  23988	     16	   1888	  25892	   6524	meteo.elf
Finished building: default.size.stdout
 
Finished building: meteo.list
 
20:53:05 **** Incremental Build of configuration Debug for project meteo ****
make -j12 all 
arm-none-eabi-gcc "../Core/Src/main.c" -mcpu=cortex-m4 -std=gnu11 -g3 -DDEBUG -DUSE_HAL_DRIVER -DSTM32F303x8 -c -I../Core/Inc -I../Drivers/STM32F3xx_HAL_Driver/Inc -I../Drivers/STM32F3xx_HAL_Driver/Inc/Legacy -I../Drivers/CMSIS/Device/ST/STM32F3xx/Include -I../Drivers/CMSIS/Include -O0 -ffunction-sections -fdata-sections -Wall -fstack-usage -fcyclomatic-complexity -MMD -MP -MF"Core/Src/main.d" -MT"Core/Src/main.o" --specs=nano.specs -mfpu=fpv4-sp-d16 -mfloat-abi=hard -mthumb -o "Core/Src/main.o"
arm-none-eabi-gcc -o "meteo.elf" @"objects.list"   -mcpu=cortex-m4 -T"C:\Git\STM_cubeIDE\projects_vrs\vrs_meteo\launch_meteo\meteo\STM32F303K8TX_FLASH.ld" --specs=nosys.specs -Wl,-Map="meteo.map" -Wl,--gc-sections -static --specs=nano.specs -mfpu=fpv4-sp-d16 -mfloat-abi=hard -mthumb -Wl,--start-group -lc -lm -Wl,--end-group
Finished building target: meteo.elf
 
arm-none-eabi-size  meteo.elf 
arm-none-eabi-objdump -h -S meteo.elf  > "meteo.list"
   text	   data	    bss	    dec	    hex	filename
  23992	     16	   1888	  25896	   6528	meteo.elf
Finished building: default.size.stdout
 
Finished building: meteo.list
 
20:53:37 **** Incremental Build of configuration Debug for project meteo ****
make -j12 all 
arm-none-eabi-gcc "../Core/Src/main.c" -mcpu=cortex-m4 -std=gnu11 -g3 -DDEBUG -DUSE_HAL_DRIVER -DSTM32F303x8 -c -I../Core/Inc -I../Drivers/STM32F3xx_HAL_Driver/Inc -I../Drivers/STM32F3xx_HAL_Driver/Inc/Legacy -I../Drivers/CMSIS/Device/ST/STM32F3xx/Include -I../Drivers/CMSIS/Include -O0 -ffunction-sections -fdata-sections -Wall -fstack-usage -fcyclomatic-complexity -MMD -MP -MF"Core/Src/main.d" -MT"Core/Src/main.o" --specs=nano.specs -mfpu=fpv4-sp-d16 -mfloat-abi=hard -mthumb -o "Core/Src/main.o"
arm-none-eabi-gcc -o "meteo.elf" @"objects.list"   -mcpu=cortex-m4 -T"C:\Git\STM_cubeIDE\projects_vrs\vrs_meteo\launch_meteo\meteo\STM32F303K8TX_FLASH.ld" --specs=nosys.specs -Wl,-Map="meteo.map" -Wl,--gc-sections -static --specs=nano.specs -mfpu=fpv4-sp-d16 -mfloat-abi=hard -mthumb -Wl,--start-group -lc -lm -Wl,--end-group
Finished building target: meteo.elf
 
arm-none-eabi-size  meteo.elf 
arm-none-eabi-objdump -h -S meteo.elf  > "meteo.list"
   text	   data	    bss	    dec	    hex	filename
  23992	     16	   1888	  25896	   6528	meteo.elf
Finished building: default.size.stdout
 
Finished building: meteo.list
 
21:02:14 **** Incremental Build of configuration Debug for project meteo ****
make -j12 all 
arm-none-eabi-gcc "../Core/Src/main.c" -mcpu=cortex-m4 -std=gnu11 -g3 -DDEBUG -DUSE_HAL_DRIVER -DSTM32F303x8 -c -I../Core/Inc -I../Drivers/STM32F3xx_HAL_Driver/Inc -I../Drivers/STM32F3xx_HAL_Driver/Inc/Legacy -I../Drivers/CMSIS/Device/ST/STM32F3xx/Include -I../Drivers/CMSIS/Include -O0 -ffunction-sections -fdata-sections -Wall -fstack-usage -fcyclomatic-complexity -MMD -MP -MF"Core/Src/main.d" -MT"Core/Src/main.o" --specs=nano.specs -mfpu=fpv4-sp-d16 -mfloat-abi=hard -mthumb -o "Core/Src/main.o"
arm-none-eabi-gcc -o "meteo.elf" @"objects.list"   -mcpu=cortex-m4 -T"C:\Git\STM_cubeIDE\projects_vrs\vrs_meteo\launch_meteo\meteo\STM32F303K8TX_FLASH.ld" --specs=nosys.specs -Wl,-Map="meteo.map" -Wl,--gc-sections -static --specs=nano.specs -mfpu=fpv4-sp-d16 -mfloat-abi=hard -mthumb -Wl,--start-group -lc -lm -Wl,--end-group
Finished building target: meteo.elf
 
arm-none-eabi-size  meteo.elf 
arm-none-eabi-objdump -h -S meteo.elf  > "meteo.list"
   text	   data	    bss	    dec	    hex	filename
  21948	     16	   1888	  23852	   5d2c	meteo.elf
Finished building: default.size.stdout
 
Finished building: meteo.list
 
21:05:19 **** Incremental Build of configuration Debug for project meteo ****
make -j12 all 
arm-none-eabi-gcc "../Core/Src/main.c" -mcpu=cortex-m4 -std=gnu11 -g3 -DDEBUG -DUSE_HAL_DRIVER -DSTM32F303x8 -c -I../Core/Inc -I../Drivers/STM32F3xx_HAL_Driver/Inc -I../Drivers/STM32F3xx_HAL_Driver/Inc/Legacy -I../Drivers/CMSIS/Device/ST/STM32F3xx/Include -I../Drivers/CMSIS/Include -O0 -ffunction-sections -fdata-sections -Wall -fstack-usage -fcyclomatic-complexity -MMD -MP -MF"Core/Src/main.d" -MT"Core/Src/main.o" --specs=nano.specs -mfpu=fpv4-sp-d16 -mfloat-abi=hard -mthumb -o "Core/Src/main.o"
arm-none-eabi-gcc -o "meteo.elf" @"objects.list"   -mcpu=cortex-m4 -T"C:\Git\STM_cubeIDE\projects_vrs\vrs_meteo\launch_meteo\meteo\STM32F303K8TX_FLASH.ld" --specs=nosys.specs -Wl,-Map="meteo.map" -Wl,--gc-sections -static --specs=nano.specs -mfpu=fpv4-sp-d16 -mfloat-abi=hard -mthumb -Wl,--start-group -lc -lm -Wl,--end-group
Finished building target: meteo.elf
 
arm-none-eabi-size  meteo.elf 
arm-none-eabi-objdump -h -S meteo.elf  > "meteo.list"
   text	   data	    bss	    dec	    hex	filename
  21872	     20	   1884	  23776	   5ce0	meteo.elf
Finished building: default.size.stdout
 
Finished building: meteo.list
 
